2026-08-31 02:35:34,865 | INFO | run_id=20260831_023534 dataset=amazon:Baby_Products device=cuda:0
2026-08-31 02:35:34,865 | INFO | EXPERIMENT_NOTE amazons_lora subset=Baby_Products; sasrec_filtering=True; common architecture; periodic validation/test
2026-08-31 02:35:34,865 | INFO | EXPERIMENT_CONFIG {"batch_size": 128, "cache_dir": "/workspace/P78123011/cache", "candidates": 192, "coordinator_epochs": 4, "coordinator_lr": 0.0001, "data_path": null, "dataset": "amazon:Baby_Products", "device": "cuda:0", "dim": 128, "early_stopping_patience": 6, "enable_lora": 1, "eval_batch_size": 64, "experiment_note": "amazons_lora subset=Baby_Products; sasrec_filtering=True; common architecture; periodic validation/test", "full_catalog_supervised": false, "future_decay": 0.5, "future_horizon": 3, "generate_reasons": false, "graph_device": "cuda:0", "hard_negative_pool_multiplier": 4, "item_prompt_prefix": "Preference-aware product representation: ", "item_vector_artifact": null, "joint_epochs": 10, "joint_lr": 5e-05, "lora_alpha": 32.0, "lora_dropout": 0.05, "lora_rank": 16, "lr_patience": 2, "mamba_encode_batch_size": 32, "mamba_max_tokens": 32, "max_events": null, "max_history": 100, "max_transitions": 1500000, "min_rating": 4.0, "min_user_events": 5, "monitor_metric": "ndcg@10", "output_dir": "/workspace/P78123011/MediaTek_2026_project/ver4/outputs_mamba_rl/amazons_lora", "output_run_dir": "/workspace/P78123011/MediaTek_2026_project/ver4/outputs_mamba_rl/amazons_lora/Baby_Products/rl_20260831_023533", "periodic_test_user_limit": 0, "popularity_alpha": 0.3, "preference_balance_coef": 0.01, "preference_coef": 0.2, "preference_contrastive_coef": 0.05, "preference_count": 64, "preference_hidden": 128, "preference_score_weight": 0.2, "preference_separation_coef": 0.01, "preference_temperature": 0.2, "preference_transition_coef": 0.1, "reason_count": 20, "reason_max_new_tokens": 40, "refresh_data_cache": false, "resume_checkpoint": null, "sasrec_filtering": true, "save_model_weights": false, "score_file": "/workspace/P78123011/MediaTek_2026_project/ver4/outputs_mamba_rl/amazons_lora/Baby_Products/rl_20260831_023533/Baby_Products_scores.json", "seed": 25252, "short_window": 10, "skip_mamba": false, "specialist_epochs": 4, "specialist_lr": 0.0001, "target_recall_at_10": 0.15, "transition_beta": 0.5, "use_graph_embeddings": true, "validate_every_steps": 6000, "validation_user_limit": 0}
2026-08-31 02:35:35,212 | INFO | INTERACTION_CACHE hit path=/workspace/P78123011/cache/mamba_multi_agent_data/amazon_Baby_Products_23e5a5fd3f4e.pkl
2026-08-31 02:35:35,216 | INFO | users=184834 items=77324 train_interactions=1121805
2026-08-31 02:35:45,675 | INFO | CATALOG_PRIORS popularity_alpha=0.300000 transition_beta=0.500000 source=train_histories_only enabled=True
2026-08-31 02:57:56,641 | INFO | ITEM_VECTOR_ARTIFACT path=/workspace/P78123011/cache/mamba_multi_agent/amazon_Baby_Products_77324_8ff91ff53a43_prompt_tok32.pt fingerprint=8ff91ff53a43
2026-08-31 02:57:57,197 | INFO | GRAPH_EMBEDDINGS enabled=True source=train_histories_only main_device=cuda:0 graph_device=cuda:0
2026-08-31 02:57:57,709 | INFO | ADAPTATION_MODE mode=multi_lora enable_lora=1
2026-08-31 02:57:57,710 | INFO | ADAPTER_ROUTES {'long': ('candidate_lora', 'delta_lora', 'gate_lora', 'output_lora'), 'short': ('candidate_lora', 'delta_lora', 'gate_lora', 'output_lora'), 'preference': ('transition_lora', 'state_lora'), 'coordinator': ('state_lora', 'mix_lora', 'score_lora')}
2026-08-31 02:57:57,710 | INFO | agent_parameters={'long': 16513, 'short': 16513, 'preference': 99330, 'coordinator': 14373, 'shared_projection': 327680, 'graph': 33556224}
2026-08-31 02:58:00,054 | INFO | training_transitions=936971
2026-08-31 02:58:00,054 | INFO | schedule specialist_epochs=4 coordinator_epochs=4 joint_ranking_epochs=10 validate_every_steps=6000 validation_users=0 periodic_test_users=0 monitor=ndcg@10 early_stopping_patience=6
2026-08-31 04:28:03,479 | INFO | 
========== PERIODIC VALIDATION ==========
stage=specialists | epoch=1 | step=6000 | users=184584/184584
NDCG  | @5 0.015400 | @10 0.018936
Recall| @5 0.021979 | @10 0.033015
Hit   | @5 0.021979 | @10 0.033015
================================
2026-08-31 04:31:40,575 | INFO | 
========== PERIODIC TEST ==========
stage=specialists | epoch=1 | step=6000 | users=184584/184584
NDCG  | @5 0.015739 | @10 0.018875
Recall| @5 0.022077 | @10 0.031872
Hit   | @5 0.022077 | @10 0.031872
================================
2026-08-31 04:31:40,575 | INFO | VALID_STEP step=6000 stage=specialists epoch=1 ndcg@10=0.018936 recall@10=0.033015 improved=True
2026-08-31 04:31:40,662 | INFO | BEST_MODEL_IN_MEMORY step=6000 stage=specialists ndcg@10=0.018936
2026-08-31 04:36:31,348 | INFO | stage=specialists epoch=1 loss=13.912106 steps=7321 transitions/s=185.41
2026-08-31 05:00:29,297 | INFO | 
========== PERIODIC VALIDATION ==========
stage=specialists | epoch=2 | step=13321 | users=184584/184584
NDCG  | @5 0.018788 | @10 0.023158
Recall| @5 0.026936 | @10 0.040529
Hit   | @5 0.026936 | @10 0.040529
================================
2026-08-31 05:02:07,151 | INFO | 
========== PERIODIC TEST ==========
stage=specialists | epoch=2 | step=13321 | users=184584/184584
NDCG  | @5 0.019173 | @10 0.023005
Recall| @5 0.027099 | @10 0.039045
Hit   | @5 0.027099 | @10 0.039045
================================
2026-08-31 05:02:07,152 | INFO | VALID_STEP step=13321 stage=specialists epoch=2 ndcg@10=0.023158 recall@10=0.040529 improved=True
2026-08-31 05:02:07,252 | INFO | BEST_MODEL_IN_MEMORY step=13321 stage=specialists ndcg@10=0.023158
2026-08-31 05:07:01,928 | INFO | stage=specialists epoch=2 loss=12.949584 steps=7321 transitions/s=573.87
2026-08-31 05:31:03,941 | INFO | 
========== PERIODIC VALIDATION ==========
stage=specialists | epoch=3 | step=20642 | users=184584/184584
NDCG  | @5 0.025751 | @10 0.030661
Recall| @5 0.035431 | @10 0.050757
Hit   | @5 0.035431 | @10 0.050757
================================
2026-08-31 05:32:43,162 | INFO | 
========== PERIODIC TEST ==========
stage=specialists | epoch=3 | step=20642 | users=184584/184584
NDCG  | @5 0.024979 | @10 0.029548
Recall| @5 0.033985 | @10 0.048217
Hit   | @5 0.033985 | @10 0.048217
================================
2026-08-31 05:32:43,163 | INFO | VALID_STEP step=20642 stage=specialists epoch=3 ndcg@10=0.030661 recall@10=0.050757 improved=True
2026-08-31 05:32:43,261 | INFO | BEST_MODEL_IN_MEMORY step=20642 stage=specialists ndcg@10=0.030661
2026-08-31 05:37:38,977 | INFO | stage=specialists epoch=3 loss=11.911302 steps=7321 transitions/s=572.44
2026-08-31 06:01:40,092 | INFO | 
========== PERIODIC VALIDATION ==========
stage=specialists | epoch=4 | step=27963 | users=184584/184584
NDCG  | @5 0.028382 | @10 0.032952
Recall| @5 0.037663 | @10 0.051879
Hit   | @5 0.037663 | @10 0.051879
================================
2026-08-31 06:03:18,671 | INFO | 
========== PERIODIC TEST ==========
stage=specialists | epoch=4 | step=27963 | users=184584/184584
NDCG  | @5 0.029597 | @10 0.033740
Recall| @5 0.038308 | @10 0.051261
Hit   | @5 0.038308 | @10 0.051261
================================
2026-08-31 06:03:18,671 | INFO | VALID_STEP step=27963 stage=specialists epoch=4 ndcg@10=0.032952 recall@10=0.051879 improved=True
2026-08-31 06:03:18,771 | INFO | BEST_MODEL_IN_MEMORY step=27963 stage=specialists ndcg@10=0.032952
2026-08-31 06:08:14,200 | INFO | stage=specialists epoch=4 loss=10.466335 steps=7321 transitions/s=572.61
2026-08-31 06:18:57,890 | INFO | 
========== PERIODIC VALIDATION ==========
stage=coordinator | epoch=1 | step=35284 | users=184584/184584
NDCG  | @5 0.028201 | @10 0.032667
Recall| @5 0.036926 | @10 0.050806
Hit   | @5 0.036926 | @10 0.050806
================================
2026-08-31 06:20:42,361 | INFO | 
========== PERIODIC TEST ==========
stage=coordinator | epoch=1 | step=35284 | users=184584/184584
NDCG  | @5 0.030146 | @10 0.034140
Recall| @5 0.038546 | @10 0.050979
Hit   | @5 0.038546 | @10 0.050979
================================
2026-08-31 06:20:42,361 | INFO | VALID_STEP step=35284 stage=coordinator epoch=1 ndcg@10=0.032667 recall@10=0.050806 improved=False
2026-08-31 06:20:42,361 | INFO | LEARNING_RATE step=35284 stage=coordinator lr=0.0001
2026-08-31 06:22:42,171 | INFO | stage=coordinator epoch=1 loss=2.623966 steps=7321 transitions/s=1426.45
2026-08-31 06:33:32,676 | INFO | 
========== PERIODIC VALIDATION ==========
stage=coordinator | epoch=2 | step=42605 | users=184584/184584
NDCG  | @5 0.027734 | @10 0.031960
Recall| @5 0.036352 | @10 0.049517
Hit   | @5 0.036352 | @10 0.049517
================================
2026-08-31 06:35:17,668 | INFO | 
========== PERIODIC TEST ==========
stage=coordinator | epoch=2 | step=42605 | users=184584/184584
NDCG  | @5 0.029878 | @10 0.033776
Recall| @5 0.037977 | @10 0.050134
Hit   | @5 0.037977 | @10 0.050134
================================
2026-08-31 06:35:17,668 | INFO | VALID_STEP step=42605 stage=coordinator epoch=2 ndcg@10=0.031960 recall@10=0.049517 improved=False
2026-08-31 06:35:17,668 | INFO | LEARNING_RATE step=42605 stage=coordinator lr=0.0001
2026-08-31 06:37:16,532 | INFO | stage=coordinator epoch=2 loss=2.589921 steps=7321 transitions/s=1413.92
2026-08-31 06:48:04,343 | INFO | 
========== PERIODIC VALIDATION ==========
stage=coordinator | epoch=3 | step=49926 | users=184584/184584
NDCG  | @5 0.026842 | @10 0.030977
Recall| @5 0.035025 | @10 0.047870
Hit   | @5 0.035025 | @10 0.047870
================================
2026-08-31 06:49:47,833 | INFO | 
========== PERIODIC TEST ==========
stage=coordinator | epoch=3 | step=49926 | users=184584/184584
NDCG  | @5 0.029056 | @10 0.032994
Recall| @5 0.036688 | @10 0.048970
Hit   | @5 0.036688 | @10 0.048970
================================
2026-08-31 06:49:47,834 | INFO | VALID_STEP step=49926 stage=coordinator epoch=3 ndcg@10=0.030977 recall@10=0.047870 improved=False
2026-08-31 06:49:47,834 | INFO | LEARNING_RATE step=49926 stage=coordinator lr=0.0001
2026-08-31 06:51:49,599 | INFO | stage=coordinator epoch=3 loss=2.563842 steps=7321 transitions/s=1415.36
2026-08-31 07:02:22,310 | INFO | 
========== PERIODIC VALIDATION ==========
stage=coordinator | epoch=4 | step=57247 | users=184584/184584
NDCG  | @5 0.026512 | @10 0.030585
Recall| @5 0.034629 | @10 0.047274
Hit   | @5 0.034629 | @10 0.047274
================================
2026-08-31 07:04:05,074 | INFO | 
========== PERIODIC TEST ==========
stage=coordinator | epoch=4 | step=57247 | users=184584/184584
NDCG  | @5 0.028751 | @10 0.032532
Recall| @5 0.036309 | @10 0.048092
Hit   | @5 0.036309 | @10 0.048092
================================
2026-08-31 07:04:05,074 | INFO | VALID_STEP step=57247 stage=coordinator epoch=4 ndcg@10=0.030585 recall@10=0.047274 improved=False
2026-08-31 07:04:05,074 | INFO | LEARNING_RATE step=57247 stage=coordinator lr=5e-05
2026-08-31 07:06:00,190 | INFO | stage=coordinator epoch=4 loss=2.555567 steps=7321 transitions/s=1456.24
2026-08-31 07:28:52,589 | INFO | 
========== PERIODIC VALIDATION ==========
stage=joint | epoch=1 | step=64568 | users=184584/184584
NDCG  | @5 0.024967 | @10 0.028761
Recall| @5 0.032078 | @10 0.043866
Hit   | @5 0.032078 | @10 0.043866
================================
2026-08-31 07:30:30,795 | INFO | 
========== PERIODIC TEST ==========
stage=joint | epoch=1 | step=64568 | users=184584/184584
NDCG  | @5 0.027496 | @10 0.030976
Recall| @5 0.034494 | @10 0.045378
Hit   | @5 0.034494 | @10 0.045378
================================
2026-08-31 07:30:30,796 | INFO | VALID_STEP step=64568 stage=joint epoch=1 ndcg@10=0.028761 recall@10=0.043866 improved=False
2026-08-31 07:30:30,796 | INFO | LEARNING_RATE step=64568 stage=joint lr=5e-05
2026-08-31 07:35:10,373 | INFO | stage=joint epoch=1 loss=3.102487 steps=7321 transitions/s=603.31
2026-08-31 07:58:15,865 | INFO | 
========== PERIODIC VALIDATION ==========
stage=joint | epoch=2 | step=71889 | users=184584/184584
NDCG  | @5 0.024697 | @10 0.028276
Recall| @5 0.031677 | @10 0.042842
Hit   | @5 0.031677 | @10 0.042842
================================
2026-08-31 07:59:54,827 | INFO | 
========== PERIODIC TEST ==========
stage=joint | epoch=2 | step=71889 | users=184584/184584
NDCG  | @5 0.027132 | @10 0.030451
Recall| @5 0.033925 | @10 0.044267
Hit   | @5 0.033925 | @10 0.044267
================================
2026-08-31 07:59:54,827 | INFO | VALID_STEP step=71889 stage=joint epoch=2 ndcg@10=0.028276 recall@10=0.042842 improved=False
2026-08-31 07:59:54,827 | INFO | LEARNING_RATE step=71889 stage=joint lr=5e-05
2026-08-31 08:04:39,463 | INFO | stage=joint epoch=2 loss=2.889462 steps=7321 transitions/s=596.70
2026-08-31 08:27:43,287 | INFO | 
========== PERIODIC VALIDATION ==========
stage=joint | epoch=3 | step=79210 | users=184584/184584
NDCG  | @5 0.024473 | @10 0.028022
Recall| @5 0.031362 | @10 0.042436
Hit   | @5 0.031362 | @10 0.042436
================================
2026-08-31 08:29:21,532 | INFO | 
========== PERIODIC TEST ==========
stage=joint | epoch=3 | step=79210 | users=184584/184584
NDCG  | @5 0.026887 | @10 0.030194
Recall| @5 0.033643 | @10 0.043947
Hit   | @5 0.033643 | @10 0.043947
================================
2026-08-31 08:29:21,532 | INFO | VALID_STEP step=79210 stage=joint epoch=3 ndcg@10=0.028022 recall@10=0.042436 improved=False
2026-08-31 08:29:21,533 | INFO | LEARNING_RATE step=79210 stage=joint lr=5e-05
2026-08-31 08:33:59,096 | INFO | stage=joint epoch=3 loss=2.802734 steps=7321 transitions/s=602.04
2026-08-31 08:56:46,915 | INFO | 
========== PERIODIC VALIDATION ==========
stage=joint | epoch=4 | step=86531 | users=184584/184584
NDCG  | @5 0.023856 | @10 0.027366
Recall| @5 0.030506 | @10 0.041455
Hit   | @5 0.030506 | @10 0.041455
================================
2026-08-31 08:58:24,339 | INFO | 
========== PERIODIC TEST ==========
stage=joint | epoch=4 | step=86531 | users=184584/184584
NDCG  | @5 0.026440 | @10 0.029752
Recall| @5 0.032934 | @10 0.043232
Hit   | @5 0.032934 | @10 0.043232
================================
2026-08-31 08:58:24,339 | INFO | VALID_STEP step=86531 stage=joint epoch=4 ndcg@10=0.027366 recall@10=0.041455 improved=False
2026-08-31 08:58:24,339 | INFO | LEARNING_RATE step=86531 stage=joint lr=2.5e-05
2026-08-31 09:03:04,470 | INFO | stage=joint epoch=4 loss=2.748192 steps=7321 transitions/s=604.98
2026-08-31 09:25:57,416 | INFO | 
========== PERIODIC VALIDATION ==========
stage=joint | epoch=5 | step=93852 | users=184584/184584
NDCG  | @5 0.023699 | @10 0.027096
Recall| @5 0.030252 | @10 0.040854
Hit   | @5 0.030252 | @10 0.040854
================================
2026-08-31 09:27:34,907 | INFO | 
========== PERIODIC TEST ==========
stage=joint | epoch=5 | step=93852 | users=184584/184584
NDCG  | @5 0.026351 | @10 0.029557
Recall| @5 0.032787 | @10 0.042756
Hit   | @5 0.032787 | @10 0.042756
================================
2026-08-31 09:27:34,907 | INFO | VALID_STEP step=93852 stage=joint epoch=5 ndcg@10=0.027096 recall@10=0.040854 improved=False
2026-08-31 09:27:34,907 | INFO | LEARNING_RATE step=93852 stage=joint lr=2.5e-05
2026-08-31 09:32:19,181 | INFO | stage=joint epoch=5 loss=2.623732 steps=7321 transitions/s=601.26
2026-08-31 09:55:14,607 | INFO | 
========== PERIODIC VALIDATION ==========
stage=joint | epoch=6 | step=101173 | users=184584/184584
NDCG  | @5 0.023381 | @10 0.026720
Recall| @5 0.029873 | @10 0.040296
Hit   | @5 0.029873 | @10 0.040296
================================
2026-08-31 09:56:52,204 | INFO | 
========== PERIODIC TEST ==========
stage=joint | epoch=6 | step=101173 | users=184584/184584
NDCG  | @5 0.025879 | @10 0.028998
Recall| @5 0.032013 | @10 0.041699
Hit   | @5 0.032013 | @10 0.041699
================================
2026-08-31 09:56:52,204 | INFO | VALID_STEP step=101173 stage=joint epoch=6 ndcg@10=0.026720 recall@10=0.040296 improved=False
2026-08-31 09:56:52,204 | INFO | LEARNING_RATE step=101173 stage=joint lr=2.5e-05
2026-08-31 09:56:52,205 | INFO | EARLY_STOP step=101173 checks_without_improvement=6 best_step=27963 best_ndcg@10=0.032952
2026-08-31 09:56:52,205 | INFO | stage=joint epoch=6 loss=2.587558 steps=6000 transitions/s=601.90
2026-08-31 09:58:29,705 | INFO | 
========== FINAL CURRENT VALIDATION ==========
stage=final | epoch=0 | step=101173 | users=184584/184584
NDCG  | @5 0.023381 | @10 0.026720
Recall| @5 0.029873 | @10 0.040296
Hit   | @5 0.029873 | @10 0.040296
================================
2026-08-31 09:58:29,705 | INFO | VALID_STEP step=101173 stage=final epoch=0 ndcg@10=0.026720 recall@10=0.040296 improved=False
2026-08-31 09:58:29,778 | INFO | RESTORE_BEST step=27963 stage=specialists ndcg@10=0.032952
2026-08-31 10:01:44,646 | INFO | 
========== BEST CHECKPOINT VALIDATION ==========
stage=specialists | epoch=0 | step=27963 | users=184584/184584
NDCG  | @5 0.028382 | @10 0.032952
Recall| @5 0.037663 | @10 0.051879
Hit   | @5 0.037663 | @10 0.051879
================================
2026-08-31 10:01:44,646 | INFO | 
========== FINAL FULL TEST ==========
stage=specialists | epoch=0 | step=27963 | users=184584/184584
NDCG  | @5 0.029597 | @10 0.033738
Recall| @5 0.038308 | @10 0.051256
Hit   | @5 0.038308 | @10 0.051256
================================
2026-08-31 10:01:44,646 | INFO | VALID_BEST {"evaluated_users": 184584, "hit@10": 0.05187881939929788, "hit@5": 0.03766306938846271, "ndcg@10": 0.0329523348550087, "ndcg@5": 0.02838192936405168, "preference_change_probability": 0.06090818013398012, "preference_current_entropy": 3.9917367352200586, "preference_next_entropy": 4.110491421031212, "preference_ranking_weight": 0.199951171875, "recall@10": 0.05187881939929788, "recall@5": 0.03766306938846271, "scores_per_second": 146906213.99769524, "total_users": 184584, "users_per_second": 1899.8786146305833}
2026-08-31 10:01:44,647 | INFO | TEST_FINAL {"evaluated_users": 184584, "hit@10": 0.051255796818792526, "hit@5": 0.03830776231959433, "ndcg@10": 0.033738201277338835, "ndcg@5": 0.029597351546070124, "preference_change_probability": 0.06054955254614557, "preference_current_entropy": 3.994138965142521, "preference_next_entropy": 4.112697242321338, "preference_ranking_weight": 0.199951171875, "recall@10": 0.051255796818792526, "recall@5": 0.03830776231959433, "scores_per_second": 146237329.84755325, "total_users": 184584, "users_per_second": 1891.2282066053651}
2026-08-31 10:01:44,647 | INFO | TARGET_RESULT metric=recall@10 target=>0.150000 actual=0.051256 achieved=False
2026-08-31 10:01:45,160 | INFO | scores=/workspace/P78123011/MediaTek_2026_project/ver4/outputs_mamba_rl/amazons_lora/Baby_Products/rl_20260831_023533/Baby_Products_scores.json
2026-08-31 10:01:45,160 | INFO | outputs=/workspace/P78123011/MediaTek_2026_project/ver4/outputs_mamba_rl/amazons_lora/Baby_Products/rl_20260831_023533
