2026-08-30 17:58:31,778 | INFO | run_id=20260830_175831 dataset=amazon:Beauty_and_Personal_Care device=cuda:0
2026-08-30 17:58:31,778 | INFO | EXPERIMENT_NOTE amazons_lora subset=Beauty_and_Personal_Care; sasrec_filtering=True; common architecture; periodic validation/test
2026-08-30 17:58:31,779 | INFO | EXPERIMENT_CONFIG {"batch_size": 128, "cache_dir": "/workspace/P78123011/cache", "candidates": 256, "coordinator_epochs": 4, "coordinator_lr": 0.0001, "data_path": null, "dataset": "amazon:Beauty_and_Personal_Care", "device": "cuda:0", "dim": 128, "early_stopping_patience": 6, "enable_lora": 1, "eval_batch_size": 64, "experiment_note": "amazons_lora subset=Beauty_and_Personal_Care; sasrec_filtering=True; common architecture; periodic validation/test", "full_catalog_supervised": false, "future_decay": 0.5, "future_horizon": 3, "generate_reasons": false, "graph_device": "cuda:0", "hard_negative_pool_multiplier": 4, "item_prompt_prefix": "Preference-aware product representation: ", "item_vector_artifact": null, "joint_epochs": 10, "joint_lr": 5e-05, "lora_alpha": 32.0, "lora_dropout": 0.05, "lora_rank": 16, "lr_patience": 2, "mamba_encode_batch_size": 32, "mamba_max_tokens": 32, "max_events": null, "max_history": 100, "max_transitions": 2000000, "min_rating": 4.0, "min_user_events": 5, "monitor_metric": "ndcg@10", "output_dir": "/workspace/P78123011/MediaTek_2026_project/ver4/outputs_mamba_rl/amazons_lora", "output_run_dir": "/workspace/P78123011/MediaTek_2026_project/ver4/outputs_mamba_rl/amazons_lora/Beauty_and_Personal_Care/rl_20260830_175830", "periodic_test_user_limit": 0, "popularity_alpha": 0.35, "preference_balance_coef": 0.01, "preference_coef": 0.2, "preference_contrastive_coef": 0.05, "preference_count": 64, "preference_hidden": 128, "preference_score_weight": 0.2, "preference_separation_coef": 0.01, "preference_temperature": 0.2, "preference_transition_coef": 0.1, "reason_count": 20, "reason_max_new_tokens": 40, "refresh_data_cache": false, "resume_checkpoint": null, "sasrec_filtering": true, "save_model_weights": false, "score_file": "/workspace/P78123011/MediaTek_2026_project/ver4/outputs_mamba_rl/amazons_lora/Beauty_and_Personal_Care/rl_20260830_175830/Beauty_and_Personal_Care_scores.json", "seed": 25252, "short_window": 10, "skip_mamba": false, "specialist_epochs": 4, "specialist_lr": 0.0001, "target_recall_at_10": 0.15, "transition_beta": 0.5, "use_graph_embeddings": true, "validate_every_steps": 12000, "validation_user_limit": 0}
2026-08-30 18:44:44,926 | INFO | INTERACTION_CACHE miss_saved path=/workspace/P78123011/cache/mamba_multi_agent_data/amazon_Beauty_and_Personal_Care_048a82be4955.pkl
2026-08-30 18:44:44,944 | INFO | users=888703 items=376644 train_interactions=6022951
2026-08-30 18:45:41,776 | INFO | CATALOG_PRIORS popularity_alpha=0.350000 transition_beta=0.500000 source=train_histories_only enabled=True
2026-08-30 20:54:54,116 | INFO | ITEM_VECTOR_ARTIFACT path=/workspace/P78123011/cache/mamba_multi_agent/amazon_Beauty_and_Personal_Care_376644_cda78f88f16e_prompt_tok32.pt fingerprint=cda78f88f16e
2026-08-30 20:54:57,687 | INFO | GRAPH_EMBEDDINGS enabled=True source=train_histories_only main_device=cuda:0 graph_device=cuda:0
2026-08-30 20:54:59,845 | INFO | ADAPTATION_MODE mode=multi_lora enable_lora=1
2026-08-30 20:54:59,845 | INFO | ADAPTER_ROUTES {'long': ('candidate_lora', 'delta_lora', 'gate_lora', 'output_lora'), 'short': ('candidate_lora', 'delta_lora', 'gate_lora', 'output_lora'), 'preference': ('transition_lora', 'state_lora'), 'coordinator': ('state_lora', 'mix_lora', 'score_lora')}
2026-08-30 20:54:59,845 | INFO | agent_parameters={'long': 16513, 'short': 16513, 'preference': 99330, 'coordinator': 14373, 'shared_projection': 327680, 'graph': 161964416}
2026-08-30 20:55:11,053 | INFO | training_transitions=2000000
2026-08-30 20:55:11,054 | INFO | schedule specialist_epochs=4 coordinator_epochs=4 joint_ranking_epochs=10 validate_every_steps=12000 validation_users=0 periodic_test_users=0 monitor=ndcg@10 early_stopping_patience=6
2026-08-31 00:23:34,425 | INFO | 
========== PERIODIC VALIDATION ==========
stage=specialists | epoch=1 | step=12000 | users=886701/886701
NDCG  | @5 0.014606 | @10 0.017257
Recall| @5 0.020107 | @10 0.028356
Hit   | @5 0.020107 | @10 0.028356
================================
2026-08-31 00:43:58,898 | INFO | 
========== PERIODIC TEST ==========
stage=specialists | epoch=1 | step=12000 | users=886701/886701
NDCG  | @5 0.014909 | @10 0.017375
Recall| @5 0.020275 | @10 0.027962
Hit   | @5 0.020275 | @10 0.027962
================================
2026-08-31 00:43:58,898 | INFO | VALID_STEP step=12000 stage=specialists epoch=1 ndcg@10=0.017257 recall@10=0.028356 improved=True
2026-08-31 00:43:59,269 | INFO | BEST_MODEL_IN_MEMORY step=12000 stage=specialists ndcg@10=0.017257
2026-08-31 01:06:28,436 | INFO | stage=specialists epoch=1 loss=14.508033 steps=15625 transitions/s=171.72
2026-08-31 02:30:58,470 | INFO | 
========== PERIODIC VALIDATION ==========
stage=specialists | epoch=2 | step=27625 | users=886701/886701
NDCG  | @5 0.023286 | @10 0.026845
Recall| @5 0.031168 | @10 0.042241
Hit   | @5 0.031168 | @10 0.042241
================================
