2026-09-02 12:21:09,422 | INFO | run_id=20260902_122109 dataset=movielens-20m-pctm device=cuda:0
2026-09-02 12:21:09,422 | INFO | EXPERIMENT_NOTE matched full-catalogue protocol; frozen split; Ours-ID; test once after outer refit
2026-09-02 12:21:09,422 | INFO | EXPERIMENT_CONFIG {"batch_size": 128, "cache_dir": "/workspace/S114065701/mediatek/cache", "candidates": 64, "checkpoint_every_minutes": 30.0, "coordinator_epochs": 2, "coordinator_lr": 0.0002, "data_path": "/workspace/S114065701/mediatek/sequential-capacity-probes", "dataset": "movielens-20m-pctm", "device": "cuda:0", "dim": 128, "early_stopping_patience": 12, "enable_lora": 1, "eval_batch_size": 128, "experiment_note": "matched full-catalogue protocol; frozen split; Ours-ID; test once after outer refit", "full_catalog_supervised": false, "future_decay": 0.5, "future_horizon": 3, "generate_reasons": false, "graph_device": "cuda:0", "hard_negative_pool_multiplier": 4, "item_prompt_prefix": "Preference-aware product representation: ", "item_vector_artifact": null, "joint_epochs": 20, "joint_lr": 5e-05, "lora_alpha": 16.0, "lora_dropout": 0.05, "lora_rank": 8, "lr_patience": 3, "mamba_encode_batch_size": 4, "mamba_max_tokens": 48, "max_events": null, "max_history": 100, "max_transitions": 0, "min_rating": 4.0, "min_user_events": 5, "monitor_metric": "recall@10", "output_dir": "/workspace/S114065701/mediatek/MediaTek_2026_project-0831/ver4/outputs_mamba_rl/movielens_lora", "output_run_dir": "/workspace/S114065701/mediatek/experiments/pctm-official-four/movielens-20m-pctm/seed_25255", "pctm_item_text_mode": "id", "pctm_metadata_path": null, "pctm_verify_split": true, "periodic_test_user_limit": -1, "popularity_alpha": 0.0, "preference_balance_coef": 0.01, "preference_coef": 0.2, "preference_contrastive_coef": 0.05, "preference_count": 64, "preference_hidden": 128, "preference_score_weight": 0.2, "preference_separation_coef": 0.01, "preference_temperature": 0.2, "preference_transition_coef": 0.1, "reason_count": 20, "reason_max_new_tokens": 40, "refit_outer_train": true, "refresh_data_cache": false, "resume_checkpoint": null, "run_checkpoint_path": null, "run_hours": 28.0, "sasrec_filtering": false, "save_model_weights": true, "score_file": "/workspace/S114065701/mediatek/experiments/pctm-official-four/movielens-20m-pctm/seed_25255/movielens-20m-pctm_scores.json", "seed": 25255, "short_window": 10, "skip_mamba": false, "specialist_epochs": 3, "specialist_lr": 0.0002, "target_recall_at_10": 0.15, "transition_beta": 0.0, "use_graph_embeddings": true, "validate_every_steps": 1000, "validation_user_limit": 0}
2026-09-02 12:21:10,003 | INFO | DATA_FILES_VERIFIED dataset=movielens-20m-pctm path=/workspace/S114065701/mediatek/sequential-capacity-probes/data/processed/ml_20m/leave_one_out file_contract_sha256=2f917c428d3fff5c4e2de8abe10c72047585ed0da5c3f6e0297392421fddce39 mode=official-pinned
2026-09-02 12:22:11,512 | INFO | INTERACTION_CACHE miss_saved path=/workspace/S114065701/mediatek/cache/mamba_multi_agent_data/movielens-20m-pctm_c663bb850395.pkl
2026-09-02 12:22:11,512 | INFO | EVALUATION_CONTRACT_VERIFIED sha256=eaed93a1aef45cfdd6d0e7dc38f2a0ba99b975ec1ce763448472a2619621837b users=138456 items=26707
2026-09-02 12:22:11,512 | INFO | DATA_CONTRACT_BOUND sha256=eaed93a1aef45cfdd6d0e7dc38f2a0ba99b975ec1ce763448472a2619621837b artifact=/workspace/S114065701/mediatek/experiments/pctm-official-four/movielens-20m-pctm/seed_25255/data_contract.json
2026-09-02 12:22:11,514 | INFO | users=138493 items=26707 train_interactions=19723277
2026-09-02 12:22:11,514 | INFO | CATALOG_PRIORS popularity_alpha=0.000000 transition_beta=0.000000 source=train_histories_only enabled=False
2026-09-02 12:25:34,896 | INFO | ITEM_VECTOR_ARTIFACT path=/workspace/S114065701/mediatek/cache/mamba_multi_agent/movielens-20m-pctm_26707_39e6ae7a2add_prompt_tok48.pt fingerprint=39e6ae7a2add
2026-09-02 12:25:39,244 | INFO | GRAPH_EMBEDDINGS enabled=True source=train_histories_only main_device=cuda:0 graph_device=cuda:0
2026-09-02 12:25:39,399 | INFO | ADAPTATION_MODE mode=multi_lora enable_lora=1
2026-09-02 12:25:39,399 | INFO | ADAPTER_ROUTES {'long': ('candidate_lora', 'delta_lora', 'gate_lora', 'output_lora'), 'short': ('candidate_lora', 'delta_lora', 'gate_lora', 'output_lora'), 'preference': ('transition_lora', 'state_lora'), 'coordinator': ('state_lora', 'mix_lora', 'score_lora')}
2026-09-02 12:25:39,399 | INFO | agent_parameters={'long': 8321, 'short': 8321, 'preference': 95234, 'coordinator': 7189, 'shared_projection': 327680, 'graph': 21145600}
2026-09-02 12:25:39,419 | INFO | training_transitions=19584784
2026-09-02 12:25:39,419 | INFO | schedule specialist_epochs=3 coordinator_epochs=2 joint_ranking_epochs=20 validate_every_steps=1000 validation_users=0 periodic_test_users=-1 monitor=recall@10 early_stopping_patience=12
2026-09-02 12:34:00,118 | INFO | 
========== PERIODIC VALIDATION ==========
stage=specialists | epoch=1 | step=1000 | users=138459/138459
NDCG  | @5 0.019104 | @10 0.027266
Recall| @5 0.031461 | @10 0.056955
Hit   | @5 0.031461 | @10 0.056955
================================
2026-09-02 12:34:00,119 | INFO | VALID_STEP step=1000 stage=specialists epoch=1 recall@10=0.056955 recall@10=0.056955 improved=True
2026-09-02 12:34:00,171 | INFO | BEST_CHECKPOINT step=1000 stage=specialists recall@10=0.056955 path=/workspace/S114065701/mediatek/experiments/pctm-official-four/movielens-20m-pctm/seed_25255/best_validation.pt
2026-09-02 12:41:58,128 | INFO | 
========== PERIODIC VALIDATION ==========
stage=specialists | epoch=1 | step=2000 | users=138459/138459
NDCG  | @5 0.018939 | @10 0.027344
Recall| @5 0.031497 | @10 0.057793
Hit   | @5 0.031497 | @10 0.057793
================================
2026-09-02 12:41:58,128 | INFO | VALID_STEP step=2000 stage=specialists epoch=1 recall@10=0.057793 recall@10=0.057793 improved=True
2026-09-02 12:41:58,250 | INFO | BEST_CHECKPOINT step=2000 stage=specialists recall@10=0.057793 path=/workspace/S114065701/mediatek/experiments/pctm-official-four/movielens-20m-pctm/seed_25255/best_validation.pt
2026-09-02 12:49:55,508 | INFO | 
========== PERIODIC VALIDATION ==========
stage=specialists | epoch=1 | step=3000 | users=138459/138459
NDCG  | @5 0.020165 | @10 0.029063
Recall| @5 0.033461 | @10 0.061217
Hit   | @5 0.033461 | @10 0.061217
================================
2026-09-02 12:49:55,508 | INFO | VALID_STEP step=3000 stage=specialists epoch=1 recall@10=0.061217 recall@10=0.061217 improved=True
2026-09-02 12:49:55,584 | INFO | BEST_CHECKPOINT step=3000 stage=specialists recall@10=0.061217 path=/workspace/S114065701/mediatek/experiments/pctm-official-four/movielens-20m-pctm/seed_25255/best_validation.pt
2026-09-02 12:51:09,816 | INFO | RUN_CHECKPOINT reason=periodic phase=tuning stage=specialists epoch=1 next_start=404864 path=/workspace/S114065701/mediatek/experiments/pctm-official-four/movielens-20m-pctm/seed_25255/run_checkpoint.pt
2026-09-02 12:57:55,595 | INFO | 
========== PERIODIC VALIDATION ==========
stage=specialists | epoch=1 | step=4000 | users=138459/138459
NDCG  | @5 0.023171 | @10 0.032450
Recall| @5 0.037744 | @10 0.066698
Hit   | @5 0.037744 | @10 0.066698
================================
2026-09-02 12:57:55,595 | INFO | VALID_STEP step=4000 stage=specialists epoch=1 recall@10=0.066698 recall@10=0.066698 improved=True
2026-09-02 12:57:55,714 | INFO | BEST_CHECKPOINT step=4000 stage=specialists recall@10=0.066698 path=/workspace/S114065701/mediatek/experiments/pctm-official-four/movielens-20m-pctm/seed_25255/best_validation.pt
2026-09-02 13:05:55,530 | INFO | 
========== PERIODIC VALIDATION ==========
stage=specialists | epoch=1 | step=5000 | users=138459/138459
NDCG  | @5 0.027832 | @10 0.038362
Recall| @5 0.045494 | @10 0.078341
Hit   | @5 0.045494 | @10 0.078341
================================
2026-09-02 13:05:55,530 | INFO | VALID_STEP step=5000 stage=specialists epoch=1 recall@10=0.078341 recall@10=0.078341 improved=True
2026-09-02 13:05:55,651 | INFO | BEST_CHECKPOINT step=5000 stage=specialists recall@10=0.078341 path=/workspace/S114065701/mediatek/experiments/pctm-official-four/movielens-20m-pctm/seed_25255/best_validation.pt
2026-09-02 13:13:54,581 | INFO | 
========== PERIODIC VALIDATION ==========
stage=specialists | epoch=1 | step=6000 | users=138459/138459
NDCG  | @5 0.034250 | @10 0.046475
Recall| @5 0.054182 | @10 0.092359
Hit   | @5 0.054182 | @10 0.092359
================================
2026-09-02 13:13:54,581 | INFO | VALID_STEP step=6000 stage=specialists epoch=1 recall@10=0.092359 recall@10=0.092359 improved=True
2026-09-02 13:13:54,651 | INFO | BEST_CHECKPOINT step=6000 stage=specialists recall@10=0.092359 path=/workspace/S114065701/mediatek/experiments/pctm-official-four/movielens-20m-pctm/seed_25255/best_validation.pt
2026-09-02 13:21:10,401 | INFO | RUN_CHECKPOINT reason=periodic phase=tuning stage=specialists epoch=1 next_start=889856 path=/workspace/S114065701/mediatek/experiments/pctm-official-four/movielens-20m-pctm/seed_25255/run_checkpoint.pt
2026-09-02 13:21:55,477 | INFO | 
========== PERIODIC VALIDATION ==========
stage=specialists | epoch=1 | step=7000 | users=138459/138459
NDCG  | @5 0.039965 | @10 0.053883
Recall| @5 0.063441 | @10 0.106783
Hit   | @5 0.063441 | @10 0.106783
================================
2026-09-02 13:21:55,478 | INFO | VALID_STEP step=7000 stage=specialists epoch=1 recall@10=0.106783 recall@10=0.106783 improved=True
2026-09-02 13:21:55,544 | INFO | BEST_CHECKPOINT step=7000 stage=specialists recall@10=0.106783 path=/workspace/S114065701/mediatek/experiments/pctm-official-four/movielens-20m-pctm/seed_25255/best_validation.pt
2026-09-02 13:29:55,725 | INFO | 
========== PERIODIC VALIDATION ==========
stage=specialists | epoch=1 | step=8000 | users=138459/138459
NDCG  | @5 0.043450 | @10 0.058464
Recall| @5 0.068937 | @10 0.115839
Hit   | @5 0.068937 | @10 0.115839
================================
2026-09-02 13:29:55,725 | INFO | VALID_STEP step=8000 stage=specialists epoch=1 recall@10=0.115839 recall@10=0.115839 improved=True
2026-09-02 13:29:55,793 | INFO | BEST_CHECKPOINT step=8000 stage=specialists recall@10=0.115839 path=/workspace/S114065701/mediatek/experiments/pctm-official-four/movielens-20m-pctm/seed_25255/best_validation.pt
2026-09-02 13:37:58,154 | INFO | 
========== PERIODIC VALIDATION ==========
stage=specialists | epoch=1 | step=9000 | users=138459/138459
NDCG  | @5 0.047660 | @10 0.063726
Recall| @5 0.075257 | @10 0.125243
Hit   | @5 0.075257 | @10 0.125243
================================
2026-09-02 13:37:58,155 | INFO | VALID_STEP step=9000 stage=specialists epoch=1 recall@10=0.125243 recall@10=0.125243 improved=True
2026-09-02 13:37:58,279 | INFO | BEST_CHECKPOINT step=9000 stage=specialists recall@10=0.125243 path=/workspace/S114065701/mediatek/experiments/pctm-official-four/movielens-20m-pctm/seed_25255/best_validation.pt
2026-09-02 13:45:58,425 | INFO | 
========== PERIODIC VALIDATION ==========
stage=specialists | epoch=1 | step=10000 | users=138459/138459
NDCG  | @5 0.049860 | @10 0.066720
Recall| @5 0.079251 | @10 0.131830
Hit   | @5 0.079251 | @10 0.131830
================================
2026-09-02 13:45:58,425 | INFO | VALID_STEP step=10000 stage=specialists epoch=1 recall@10=0.131830 recall@10=0.131830 improved=True
2026-09-02 13:45:58,502 | INFO | BEST_CHECKPOINT step=10000 stage=specialists recall@10=0.131830 path=/workspace/S114065701/mediatek/experiments/pctm-official-four/movielens-20m-pctm/seed_25255/best_validation.pt
2026-09-02 13:51:10,960 | INFO | RUN_CHECKPOINT reason=periodic phase=tuning stage=specialists epoch=1 next_start=1367552 path=/workspace/S114065701/mediatek/experiments/pctm-official-four/movielens-20m-pctm/seed_25255/run_checkpoint.pt
2026-09-02 13:53:58,318 | INFO | 
========== PERIODIC VALIDATION ==========
stage=specialists | epoch=1 | step=11000 | users=138459/138459
NDCG  | @5 0.052191 | @10 0.070088
Recall| @5 0.083108 | @10 0.138857
Hit   | @5 0.083108 | @10 0.138857
================================
2026-09-02 13:53:58,318 | INFO | VALID_STEP step=11000 stage=specialists epoch=1 recall@10=0.138857 recall@10=0.138857 improved=True
2026-09-02 13:53:58,445 | INFO | BEST_CHECKPOINT step=11000 stage=specialists recall@10=0.138857 path=/workspace/S114065701/mediatek/experiments/pctm-official-four/movielens-20m-pctm/seed_25255/best_validation.pt
2026-09-02 14:01:55,870 | INFO | 
========== PERIODIC VALIDATION ==========
stage=specialists | epoch=1 | step=12000 | users=138459/138459
NDCG  | @5 0.055461 | @10 0.073623
Recall| @5 0.088026 | @10 0.144628
Hit   | @5 0.088026 | @10 0.144628
================================
2026-09-02 14:01:55,870 | INFO | VALID_STEP step=12000 stage=specialists epoch=1 recall@10=0.144628 recall@10=0.144628 improved=True
2026-09-02 14:01:55,995 | INFO | BEST_CHECKPOINT step=12000 stage=specialists recall@10=0.144628 path=/workspace/S114065701/mediatek/experiments/pctm-official-four/movielens-20m-pctm/seed_25255/best_validation.pt
2026-09-02 14:09:54,973 | INFO | 
========== PERIODIC VALIDATION ==========
stage=specialists | epoch=1 | step=13000 | users=138459/138459
NDCG  | @5 0.056352 | @10 0.075025
Recall| @5 0.089781 | @10 0.147972
Hit   | @5 0.089781 | @10 0.147972
================================
2026-09-02 14:09:54,973 | INFO | VALID_STEP step=13000 stage=specialists epoch=1 recall@10=0.147972 recall@10=0.147972 improved=True
2026-09-02 14:09:55,049 | INFO | BEST_CHECKPOINT step=13000 stage=specialists recall@10=0.147972 path=/workspace/S114065701/mediatek/experiments/pctm-official-four/movielens-20m-pctm/seed_25255/best_validation.pt
2026-09-02 14:17:54,372 | INFO | 
========== PERIODIC VALIDATION ==========
stage=specialists | epoch=1 | step=14000 | users=138459/138459
NDCG  | @5 0.059233 | @10 0.078252
Recall| @5 0.093905 | @10 0.153193
Hit   | @5 0.093905 | @10 0.153193
================================
2026-09-02 14:17:54,372 | INFO | VALID_STEP step=14000 stage=specialists epoch=1 recall@10=0.153193 recall@10=0.153193 improved=True
2026-09-02 14:17:54,448 | INFO | BEST_CHECKPOINT step=14000 stage=specialists recall@10=0.153193 path=/workspace/S114065701/mediatek/experiments/pctm-official-four/movielens-20m-pctm/seed_25255/best_validation.pt
2026-09-02 14:21:11,342 | INFO | RUN_CHECKPOINT reason=periodic phase=tuning stage=specialists epoch=1 next_start=1847296 path=/workspace/S114065701/mediatek/experiments/pctm-official-four/movielens-20m-pctm/seed_25255/run_checkpoint.pt
2026-09-02 14:25:52,755 | INFO | 
========== PERIODIC VALIDATION ==========
stage=specialists | epoch=1 | step=15000 | users=138459/138459
NDCG  | @5 0.060648 | @10 0.079877
Recall| @5 0.095682 | @10 0.155533
Hit   | @5 0.095682 | @10 0.155533
================================
2026-09-02 14:25:52,755 | INFO | VALID_STEP step=15000 stage=specialists epoch=1 recall@10=0.155533 recall@10=0.155533 improved=True
2026-09-02 14:25:52,829 | INFO | BEST_CHECKPOINT step=15000 stage=specialists recall@10=0.155533 path=/workspace/S114065701/mediatek/experiments/pctm-official-four/movielens-20m-pctm/seed_25255/best_validation.pt
2026-09-02 14:33:52,650 | INFO | 
========== PERIODIC VALIDATION ==========
stage=specialists | epoch=1 | step=16000 | users=138459/138459
NDCG  | @5 0.061482 | @10 0.081156
Recall| @5 0.096664 | @10 0.157881
Hit   | @5 0.096664 | @10 0.157881
================================
2026-09-02 14:33:52,650 | INFO | VALID_STEP step=16000 stage=specialists epoch=1 recall@10=0.157881 recall@10=0.157881 improved=True
2026-09-02 14:33:52,777 | INFO | BEST_CHECKPOINT step=16000 stage=specialists recall@10=0.157881 path=/workspace/S114065701/mediatek/experiments/pctm-official-four/movielens-20m-pctm/seed_25255/best_validation.pt
2026-09-02 14:41:50,668 | INFO | 
========== PERIODIC VALIDATION ==========
stage=specialists | epoch=1 | step=17000 | users=138459/138459
NDCG  | @5 0.063549 | @10 0.083201
Recall| @5 0.100015 | @10 0.161282
Hit   | @5 0.100015 | @10 0.161282
================================
2026-09-02 14:41:50,668 | INFO | VALID_STEP step=17000 stage=specialists epoch=1 recall@10=0.161282 recall@10=0.161282 improved=True
2026-09-02 14:41:50,796 | INFO | BEST_CHECKPOINT step=17000 stage=specialists recall@10=0.161282 path=/workspace/S114065701/mediatek/experiments/pctm-official-four/movielens-20m-pctm/seed_25255/best_validation.pt
2026-09-02 14:49:50,285 | INFO | 
========== PERIODIC VALIDATION ==========
stage=specialists | epoch=1 | step=18000 | users=138459/138459
NDCG  | @5 0.065427 | @10 0.085400
Recall| @5 0.102760 | @10 0.164951
Hit   | @5 0.102760 | @10 0.164951
================================
2026-09-02 14:49:50,285 | INFO | VALID_STEP step=18000 stage=specialists epoch=1 recall@10=0.164951 recall@10=0.164951 improved=True
2026-09-02 14:49:50,362 | INFO | BEST_CHECKPOINT step=18000 stage=specialists recall@10=0.164951 path=/workspace/S114065701/mediatek/experiments/pctm-official-four/movielens-20m-pctm/seed_25255/best_validation.pt
2026-09-02 14:51:12,053 | INFO | RUN_CHECKPOINT reason=periodic phase=tuning stage=specialists epoch=1 next_start=2326912 path=/workspace/S114065701/mediatek/experiments/pctm-official-four/movielens-20m-pctm/seed_25255/run_checkpoint.pt
2026-09-02 14:57:48,678 | INFO | 
========== PERIODIC VALIDATION ==========
stage=specialists | epoch=1 | step=19000 | users=138459/138459
NDCG  | @5 0.065980 | @10 0.086366
Recall| @5 0.104045 | @10 0.167580
Hit   | @5 0.104045 | @10 0.167580
================================
2026-09-02 14:57:48,678 | INFO | VALID_STEP step=19000 stage=specialists epoch=1 recall@10=0.167580 recall@10=0.167580 improved=True
2026-09-02 14:57:48,806 | INFO | BEST_CHECKPOINT step=19000 stage=specialists recall@10=0.167580 path=/workspace/S114065701/mediatek/experiments/pctm-official-four/movielens-20m-pctm/seed_25255/best_validation.pt
2026-09-02 15:05:48,018 | INFO | 
========== PERIODIC VALIDATION ==========
stage=specialists | epoch=1 | step=20000 | users=138459/138459
NDCG  | @5 0.065915 | @10 0.086587
Recall| @5 0.103251 | @10 0.167609
Hit   | @5 0.103251 | @10 0.167609
================================
2026-09-02 15:05:48,019 | INFO | VALID_STEP step=20000 stage=specialists epoch=1 recall@10=0.167609 recall@10=0.167609 improved=True
2026-09-02 15:05:48,145 | INFO | BEST_CHECKPOINT step=20000 stage=specialists recall@10=0.167609 path=/workspace/S114065701/mediatek/experiments/pctm-official-four/movielens-20m-pctm/seed_25255/best_validation.pt
2026-09-02 15:13:45,257 | INFO | 
========== PERIODIC VALIDATION ==========
stage=specialists | epoch=1 | step=21000 | users=138459/138459
NDCG  | @5 0.067918 | @10 0.088918
Recall| @5 0.106046 | @10 0.171423
Hit   | @5 0.106046 | @10 0.171423
================================
2026-09-02 15:13:45,257 | INFO | VALID_STEP step=21000 stage=specialists epoch=1 recall@10=0.171423 recall@10=0.171423 improved=True
2026-09-02 15:13:45,338 | INFO | BEST_CHECKPOINT step=21000 stage=specialists recall@10=0.171423 path=/workspace/S114065701/mediatek/experiments/pctm-official-four/movielens-20m-pctm/seed_25255/best_validation.pt
2026-09-02 15:21:12,282 | INFO | RUN_CHECKPOINT reason=periodic phase=tuning stage=specialists epoch=1 next_start=2813696 path=/workspace/S114065701/mediatek/experiments/pctm-official-four/movielens-20m-pctm/seed_25255/run_checkpoint.pt
2026-09-02 15:21:43,390 | INFO | 
========== PERIODIC VALIDATION ==========
stage=specialists | epoch=1 | step=22000 | users=138459/138459
NDCG  | @5 0.068725 | @10 0.089652
Recall| @5 0.107548 | @10 0.172665
Hit   | @5 0.107548 | @10 0.172665
================================
2026-09-02 15:21:43,390 | INFO | VALID_STEP step=22000 stage=specialists epoch=1 recall@10=0.172665 recall@10=0.172665 improved=True
2026-09-02 15:21:43,518 | INFO | BEST_CHECKPOINT step=22000 stage=specialists recall@10=0.172665 path=/workspace/S114065701/mediatek/experiments/pctm-official-four/movielens-20m-pctm/seed_25255/best_validation.pt
2026-09-02 15:29:40,661 | INFO | 
========== PERIODIC VALIDATION ==========
stage=specialists | epoch=1 | step=23000 | users=138459/138459
NDCG  | @5 0.069453 | @10 0.091188
Recall| @5 0.108559 | @10 0.176254
Hit   | @5 0.108559 | @10 0.176254
================================
2026-09-02 15:29:40,661 | INFO | VALID_STEP step=23000 stage=specialists epoch=1 recall@10=0.176254 recall@10=0.176254 improved=True
2026-09-02 15:29:40,793 | INFO | BEST_CHECKPOINT step=23000 stage=specialists recall@10=0.176254 path=/workspace/S114065701/mediatek/experiments/pctm-official-four/movielens-20m-pctm/seed_25255/best_validation.pt
2026-09-02 15:37:38,658 | INFO | 
========== PERIODIC VALIDATION ==========
stage=specialists | epoch=1 | step=24000 | users=138459/138459
NDCG  | @5 0.069125 | @10 0.090428
Recall| @5 0.108119 | @10 0.174319
Hit   | @5 0.108119 | @10 0.174319
================================
2026-09-02 15:37:38,658 | INFO | VALID_STEP step=24000 stage=specialists epoch=1 recall@10=0.174319 recall@10=0.174319 improved=False
2026-09-02 15:45:36,226 | INFO | 
========== PERIODIC VALIDATION ==========
stage=specialists | epoch=1 | step=25000 | users=138459/138459
NDCG  | @5 0.069800 | @10 0.091226
Recall| @5 0.109354 | @10 0.176038
Hit   | @5 0.109354 | @10 0.176038
================================
2026-09-02 15:45:36,226 | INFO | VALID_STEP step=25000 stage=specialists epoch=1 recall@10=0.176038 recall@10=0.176038 improved=False
2026-09-02 15:51:12,581 | INFO | RUN_CHECKPOINT reason=periodic phase=tuning stage=specialists epoch=1 next_start=3294592 path=/workspace/S114065701/mediatek/experiments/pctm-official-four/movielens-20m-pctm/seed_25255/run_checkpoint.pt
2026-09-02 15:53:34,175 | INFO | 
========== PERIODIC VALIDATION ==========
stage=specialists | epoch=1 | step=26000 | users=138459/138459
NDCG  | @5 0.071863 | @10 0.093091
Recall| @5 0.111658 | @10 0.177728
Hit   | @5 0.111658 | @10 0.177728
================================
2026-09-02 15:53:34,176 | INFO | VALID_STEP step=26000 stage=specialists epoch=1 recall@10=0.177728 recall@10=0.177728 improved=True
2026-09-02 15:53:34,254 | INFO | BEST_CHECKPOINT step=26000 stage=specialists recall@10=0.177728 path=/workspace/S114065701/mediatek/experiments/pctm-official-four/movielens-20m-pctm/seed_25255/best_validation.pt
2026-09-02 16:01:31,394 | INFO | 
========== PERIODIC VALIDATION ==========
stage=specialists | epoch=1 | step=27000 | users=138459/138459
NDCG  | @5 0.072484 | @10 0.093811
Recall| @5 0.112698 | @10 0.179158
Hit   | @5 0.112698 | @10 0.179158
================================
2026-09-02 16:01:31,394 | INFO | VALID_STEP step=27000 stage=specialists epoch=1 recall@10=0.179158 recall@10=0.179158 improved=True
2026-09-02 16:01:31,473 | INFO | BEST_CHECKPOINT step=27000 stage=specialists recall@10=0.179158 path=/workspace/S114065701/mediatek/experiments/pctm-official-four/movielens-20m-pctm/seed_25255/best_validation.pt
2026-09-02 16:09:29,588 | INFO | 
========== PERIODIC VALIDATION ==========
stage=specialists | epoch=1 | step=28000 | users=138459/138459
NDCG  | @5 0.071291 | @10 0.093030
Recall| @5 0.111918 | @10 0.179620
Hit   | @5 0.111918 | @10 0.179620
================================
2026-09-02 16:09:29,589 | INFO | VALID_STEP step=28000 stage=specialists epoch=1 recall@10=0.179620 recall@10=0.179620 improved=True
2026-09-02 16:09:29,672 | INFO | BEST_CHECKPOINT step=28000 stage=specialists recall@10=0.179620 path=/workspace/S114065701/mediatek/experiments/pctm-official-four/movielens-20m-pctm/seed_25255/best_validation.pt
2026-09-02 16:17:27,643 | INFO | 
========== PERIODIC VALIDATION ==========
stage=specialists | epoch=1 | step=29000 | users=138459/138459
NDCG  | @5 0.073017 | @10 0.094718
Recall| @5 0.113723 | @10 0.181281
Hit   | @5 0.113723 | @10 0.181281
================================
2026-09-02 16:17:27,643 | INFO | VALID_STEP step=29000 stage=specialists epoch=1 recall@10=0.181281 recall@10=0.181281 improved=True
2026-09-02 16:17:27,768 | INFO | BEST_CHECKPOINT step=29000 stage=specialists recall@10=0.181281 path=/workspace/S114065701/mediatek/experiments/pctm-official-four/movielens-20m-pctm/seed_25255/best_validation.pt
2026-09-02 16:21:12,885 | INFO | RUN_CHECKPOINT reason=periodic phase=tuning stage=specialists epoch=1 next_start=3775360 path=/workspace/S114065701/mediatek/experiments/pctm-official-four/movielens-20m-pctm/seed_25255/run_checkpoint.pt
2026-09-02 16:25:25,146 | INFO | 
========== PERIODIC VALIDATION ==========
stage=specialists | epoch=1 | step=30000 | users=138459/138459
NDCG  | @5 0.073683 | @10 0.095844
Recall| @5 0.114691 | @10 0.183751
Hit   | @5 0.114691 | @10 0.183751
================================
2026-09-02 16:25:25,146 | INFO | VALID_STEP step=30000 stage=specialists epoch=1 recall@10=0.183751 recall@10=0.183751 improved=True
2026-09-02 16:25:25,275 | INFO | BEST_CHECKPOINT step=30000 stage=specialists recall@10=0.183751 path=/workspace/S114065701/mediatek/experiments/pctm-official-four/movielens-20m-pctm/seed_25255/best_validation.pt
2026-09-02 16:33:22,116 | INFO | 
========== PERIODIC VALIDATION ==========
stage=specialists | epoch=1 | step=31000 | users=138459/138459
NDCG  | @5 0.073788 | @10 0.095601
Recall| @5 0.115319 | @10 0.183332
Hit   | @5 0.115319 | @10 0.183332
================================
2026-09-02 16:33:22,116 | INFO | VALID_STEP step=31000 stage=specialists epoch=1 recall@10=0.183332 recall@10=0.183332 improved=False
2026-09-02 16:41:18,828 | INFO | 
========== PERIODIC VALIDATION ==========
stage=specialists | epoch=1 | step=32000 | users=138459/138459
NDCG  | @5 0.075138 | @10 0.097079
Recall| @5 0.116980 | @10 0.185261
Hit   | @5 0.116980 | @10 0.185261
================================
2026-09-02 16:41:18,828 | INFO | VALID_STEP step=32000 stage=specialists epoch=1 recall@10=0.185261 recall@10=0.185261 improved=True
2026-09-02 16:41:18,957 | INFO | BEST_CHECKPOINT step=32000 stage=specialists recall@10=0.185261 path=/workspace/S114065701/mediatek/experiments/pctm-official-four/movielens-20m-pctm/seed_25255/best_validation.pt
2026-09-02 16:49:15,622 | INFO | 
========== PERIODIC VALIDATION ==========
stage=specialists | epoch=1 | step=33000 | users=138459/138459
NDCG  | @5 0.074635 | @10 0.096749
Recall| @5 0.116294 | @10 0.185109
Hit   | @5 0.116294 | @10 0.185109
================================
2026-09-02 16:49:15,622 | INFO | VALID_STEP step=33000 stage=specialists epoch=1 recall@10=0.185109 recall@10=0.185109 improved=False
2026-09-02 16:51:13,234 | INFO | RUN_CHECKPOINT reason=periodic phase=tuning stage=specialists epoch=1 next_start=4256640 path=/workspace/S114065701/mediatek/experiments/pctm-official-four/movielens-20m-pctm/seed_25255/run_checkpoint.pt
2026-09-02 16:57:13,447 | INFO | 
========== PERIODIC VALIDATION ==========
stage=specialists | epoch=1 | step=34000 | users=138459/138459
NDCG  | @5 0.074391 | @10 0.096910
Recall| @5 0.115623 | @10 0.185665
Hit   | @5 0.115623 | @10 0.185665
================================
2026-09-02 16:57:13,447 | INFO | VALID_STEP step=34000 stage=specialists epoch=1 recall@10=0.185665 recall@10=0.185665 improved=True
2026-09-02 16:57:13,577 | INFO | BEST_CHECKPOINT step=34000 stage=specialists recall@10=0.185665 path=/workspace/S114065701/mediatek/experiments/pctm-official-four/movielens-20m-pctm/seed_25255/best_validation.pt
2026-09-02 17:05:11,469 | INFO | 
========== PERIODIC VALIDATION ==========
stage=specialists | epoch=1 | step=35000 | users=138459/138459
NDCG  | @5 0.076181 | @10 0.098233
Recall| @5 0.118692 | @10 0.187348
Hit   | @5 0.118692 | @10 0.187348
================================
2026-09-02 17:05:11,469 | INFO | VALID_STEP step=35000 stage=specialists epoch=1 recall@10=0.187348 recall@10=0.187348 improved=True
2026-09-02 17:05:11,550 | INFO | BEST_CHECKPOINT step=35000 stage=specialists recall@10=0.187348 path=/workspace/S114065701/mediatek/experiments/pctm-official-four/movielens-20m-pctm/seed_25255/best_validation.pt
2026-09-02 17:13:08,129 | INFO | 
========== PERIODIC VALIDATION ==========
stage=specialists | epoch=1 | step=36000 | users=138459/138459
NDCG  | @5 0.076095 | @10 0.098428
Recall| @5 0.118504 | @10 0.188034
Hit   | @5 0.118504 | @10 0.188034
================================
2026-09-02 17:13:08,129 | INFO | VALID_STEP step=36000 stage=specialists epoch=1 recall@10=0.188034 recall@10=0.188034 improved=True
2026-09-02 17:13:08,212 | INFO | BEST_CHECKPOINT step=36000 stage=specialists recall@10=0.188034 path=/workspace/S114065701/mediatek/experiments/pctm-official-four/movielens-20m-pctm/seed_25255/best_validation.pt
2026-09-02 17:21:04,031 | INFO | 
========== PERIODIC VALIDATION ==========
stage=specialists | epoch=1 | step=37000 | users=138459/138459
NDCG  | @5 0.077608 | @10 0.099690
Recall| @5 0.121068 | @10 0.189811
Hit   | @5 0.121068 | @10 0.189811
================================
2026-09-02 17:21:04,032 | INFO | VALID_STEP step=37000 stage=specialists epoch=1 recall@10=0.189811 recall@10=0.189811 improved=True
2026-09-02 17:21:04,160 | INFO | BEST_CHECKPOINT step=37000 stage=specialists recall@10=0.189811 path=/workspace/S114065701/mediatek/experiments/pctm-official-four/movielens-20m-pctm/seed_25255/best_validation.pt
2026-09-02 17:21:13,940 | INFO | RUN_CHECKPOINT reason=periodic phase=tuning stage=specialists epoch=1 next_start=4738688 path=/workspace/S114065701/mediatek/experiments/pctm-official-four/movielens-20m-pctm/seed_25255/run_checkpoint.pt
2026-09-02 17:29:00,383 | INFO | 
========== PERIODIC VALIDATION ==========
stage=specialists | epoch=1 | step=38000 | users=138459/138459
NDCG  | @5 0.076444 | @10 0.098769
Recall| @5 0.118728 | @10 0.188243
Hit   | @5 0.118728 | @10 0.188243
================================
2026-09-02 17:29:00,383 | INFO | VALID_STEP step=38000 stage=specialists epoch=1 recall@10=0.188243 recall@10=0.188243 improved=False
2026-09-02 17:36:57,113 | INFO | 
========== PERIODIC VALIDATION ==========
stage=specialists | epoch=1 | step=39000 | users=138459/138459
NDCG  | @5 0.078709 | @10 0.101108
Recall| @5 0.121762 | @10 0.191508
Hit   | @5 0.121762 | @10 0.191508
================================
2026-09-02 17:36:57,114 | INFO | VALID_STEP step=39000 stage=specialists epoch=1 recall@10=0.191508 recall@10=0.191508 improved=True
2026-09-02 17:36:57,243 | INFO | BEST_CHECKPOINT step=39000 stage=specialists recall@10=0.191508 path=/workspace/S114065701/mediatek/experiments/pctm-official-four/movielens-20m-pctm/seed_25255/best_validation.pt
2026-09-02 17:44:53,892 | INFO | 
========== PERIODIC VALIDATION ==========
stage=specialists | epoch=1 | step=40000 | users=138459/138459
NDCG  | @5 0.078159 | @10 0.100545
Recall| @5 0.121494 | @10 0.191176
Hit   | @5 0.121494 | @10 0.191176
================================
2026-09-02 17:44:53,892 | INFO | VALID_STEP step=40000 stage=specialists epoch=1 recall@10=0.191176 recall@10=0.191176 improved=False
2026-09-02 17:51:14,418 | INFO | RUN_CHECKPOINT reason=periodic phase=tuning stage=specialists epoch=1 next_start=5227136 path=/workspace/S114065701/mediatek/experiments/pctm-official-four/movielens-20m-pctm/seed_25255/run_checkpoint.pt
2026-09-02 17:52:51,646 | INFO | 
========== PERIODIC VALIDATION ==========
stage=specialists | epoch=1 | step=41000 | users=138459/138459
NDCG  | @5 0.078833 | @10 0.101628
Recall| @5 0.122361 | @10 0.193379
Hit   | @5 0.122361 | @10 0.193379
================================
2026-09-02 17:52:51,646 | INFO | VALID_STEP step=41000 stage=specialists epoch=1 recall@10=0.193379 recall@10=0.193379 improved=True
2026-09-02 17:52:51,727 | INFO | BEST_CHECKPOINT step=41000 stage=specialists recall@10=0.193379 path=/workspace/S114065701/mediatek/experiments/pctm-official-four/movielens-20m-pctm/seed_25255/best_validation.pt
2026-09-02 18:00:49,315 | INFO | 
========== PERIODIC VALIDATION ==========
stage=specialists | epoch=1 | step=42000 | users=138459/138459
NDCG  | @5 0.077603 | @10 0.100063
Recall| @5 0.120772 | @10 0.190706
Hit   | @5 0.120772 | @10 0.190706
================================
2026-09-02 18:00:49,315 | INFO | VALID_STEP step=42000 stage=specialists epoch=1 recall@10=0.190706 recall@10=0.190706 improved=False
2026-09-02 18:08:45,838 | INFO | 
========== PERIODIC VALIDATION ==========
stage=specialists | epoch=1 | step=43000 | users=138459/138459
NDCG  | @5 0.079178 | @10 0.101623
Recall| @5 0.122578 | @10 0.192454
Hit   | @5 0.122578 | @10 0.192454
================================
2026-09-02 18:08:45,838 | INFO | VALID_STEP step=43000 stage=specialists epoch=1 recall@10=0.192454 recall@10=0.192454 improved=False
2026-09-02 18:16:43,168 | INFO | 
========== PERIODIC VALIDATION ==========
stage=specialists | epoch=1 | step=44000 | users=138459/138459
NDCG  | @5 0.079145 | @10 0.102021
Recall| @5 0.123156 | @10 0.194397
Hit   | @5 0.123156 | @10 0.194397
================================
2026-09-02 18:16:43,168 | INFO | VALID_STEP step=44000 stage=specialists epoch=1 recall@10=0.194397 recall@10=0.194397 improved=True
2026-09-02 18:16:43,248 | INFO | BEST_CHECKPOINT step=44000 stage=specialists recall@10=0.194397 path=/workspace/S114065701/mediatek/experiments/pctm-official-four/movielens-20m-pctm/seed_25255/best_validation.pt
2026-09-02 18:21:15,059 | INFO | RUN_CHECKPOINT reason=periodic phase=tuning stage=specialists epoch=1 next_start=5708544 path=/workspace/S114065701/mediatek/experiments/pctm-official-four/movielens-20m-pctm/seed_25255/run_checkpoint.pt
2026-09-02 18:24:40,288 | INFO | 
========== PERIODIC VALIDATION ==========
stage=specialists | epoch=1 | step=45000 | users=138459/138459
NDCG  | @5 0.078833 | @10 0.101793
Recall| @5 0.122065 | @10 0.193480
Hit   | @5 0.122065 | @10 0.193480
================================
2026-09-02 18:24:40,288 | INFO | VALID_STEP step=45000 stage=specialists epoch=1 recall@10=0.193480 recall@10=0.193480 improved=False
2026-09-02 18:32:36,597 | INFO | 
========== PERIODIC VALIDATION ==========
stage=specialists | epoch=1 | step=46000 | users=138459/138459
NDCG  | @5 0.080104 | @10 0.102767
Recall| @5 0.123950 | @10 0.194527
Hit   | @5 0.123950 | @10 0.194527
================================
2026-09-02 18:32:36,597 | INFO | VALID_STEP step=46000 stage=specialists epoch=1 recall@10=0.194527 recall@10=0.194527 improved=True
2026-09-02 18:32:36,676 | INFO | BEST_CHECKPOINT step=46000 stage=specialists recall@10=0.194527 path=/workspace/S114065701/mediatek/experiments/pctm-official-four/movielens-20m-pctm/seed_25255/best_validation.pt
2026-09-02 18:40:33,236 | INFO | 
========== PERIODIC VALIDATION ==========
stage=specialists | epoch=1 | step=47000 | users=138459/138459
NDCG  | @5 0.080371 | @10 0.103133
Recall| @5 0.124420 | @10 0.195264
Hit   | @5 0.124420 | @10 0.195264
================================
2026-09-02 18:40:33,236 | INFO | VALID_STEP step=47000 stage=specialists epoch=1 recall@10=0.195264 recall@10=0.195264 improved=True
2026-09-02 18:40:33,315 | INFO | BEST_CHECKPOINT step=47000 stage=specialists recall@10=0.195264 path=/workspace/S114065701/mediatek/experiments/pctm-official-four/movielens-20m-pctm/seed_25255/best_validation.pt
2026-09-02 18:48:30,205 | INFO | 
========== PERIODIC VALIDATION ==========
stage=specialists | epoch=1 | step=48000 | users=138459/138459
NDCG  | @5 0.080491 | @10 0.103480
Recall| @5 0.124600 | @10 0.196116
Hit   | @5 0.124600 | @10 0.196116
================================
2026-09-02 18:48:30,205 | INFO | VALID_STEP step=48000 stage=specialists epoch=1 recall@10=0.196116 recall@10=0.196116 improved=True
2026-09-02 18:48:30,283 | INFO | BEST_CHECKPOINT step=48000 stage=specialists recall@10=0.196116 path=/workspace/S114065701/mediatek/experiments/pctm-official-four/movielens-20m-pctm/seed_25255/best_validation.pt
2026-09-02 18:51:15,725 | INFO | RUN_CHECKPOINT reason=periodic phase=tuning stage=specialists epoch=1 next_start=6190592 path=/workspace/S114065701/mediatek/experiments/pctm-official-four/movielens-20m-pctm/seed_25255/run_checkpoint.pt
2026-09-02 18:56:26,543 | INFO | 
========== PERIODIC VALIDATION ==========
stage=specialists | epoch=1 | step=49000 | users=138459/138459
NDCG  | @5 0.078893 | @10 0.102148
Recall| @5 0.122289 | @10 0.194765
Hit   | @5 0.122289 | @10 0.194765
================================
2026-09-02 18:56:26,543 | INFO | VALID_STEP step=49000 stage=specialists epoch=1 recall@10=0.194765 recall@10=0.194765 improved=False
2026-09-02 19:04:22,517 | INFO | 
========== PERIODIC VALIDATION ==========
stage=specialists | epoch=1 | step=50000 | users=138459/138459
NDCG  | @5 0.080164 | @10 0.103249
Recall| @5 0.124593 | @10 0.196419
Hit   | @5 0.124593 | @10 0.196419
================================
2026-09-02 19:04:22,517 | INFO | VALID_STEP step=50000 stage=specialists epoch=1 recall@10=0.196419 recall@10=0.196419 improved=True
2026-09-02 19:04:22,593 | INFO | BEST_CHECKPOINT step=50000 stage=specialists recall@10=0.196419 path=/workspace/S114065701/mediatek/experiments/pctm-official-four/movielens-20m-pctm/seed_25255/best_validation.pt
2026-09-02 19:12:20,445 | INFO | 
========== PERIODIC VALIDATION ==========
stage=specialists | epoch=1 | step=51000 | users=138459/138459
NDCG  | @5 0.080886 | @10 0.103774
Recall| @5 0.125532 | @10 0.196744
Hit   | @5 0.125532 | @10 0.196744
================================
2026-09-02 19:12:20,445 | INFO | VALID_STEP step=51000 stage=specialists epoch=1 recall@10=0.196744 recall@10=0.196744 improved=True
2026-09-02 19:12:20,569 | INFO | BEST_CHECKPOINT step=51000 stage=specialists recall@10=0.196744 path=/workspace/S114065701/mediatek/experiments/pctm-official-four/movielens-20m-pctm/seed_25255/best_validation.pt
2026-09-02 19:20:17,742 | INFO | 
========== PERIODIC VALIDATION ==========
stage=specialists | epoch=1 | step=52000 | users=138459/138459
NDCG  | @5 0.080248 | @10 0.103182
Recall| @5 0.124889 | @10 0.196282
Hit   | @5 0.124889 | @10 0.196282
================================
2026-09-02 19:20:17,742 | INFO | VALID_STEP step=52000 stage=specialists epoch=1 recall@10=0.196282 recall@10=0.196282 improved=False
2026-09-02 19:21:16,147 | INFO | RUN_CHECKPOINT reason=periodic phase=tuning stage=specialists epoch=1 next_start=6672384 path=/workspace/S114065701/mediatek/experiments/pctm-official-four/movielens-20m-pctm/seed_25255/run_checkpoint.pt
2026-09-02 19:28:16,022 | INFO | 
========== PERIODIC VALIDATION ==========
stage=specialists | epoch=1 | step=53000 | users=138459/138459
NDCG  | @5 0.081699 | @10 0.104669
Recall| @5 0.126680 | @10 0.198124
Hit   | @5 0.126680 | @10 0.198124
================================
2026-09-02 19:28:16,022 | INFO | VALID_STEP step=53000 stage=specialists epoch=1 recall@10=0.198124 recall@10=0.198124 improved=True
2026-09-02 19:28:16,151 | INFO | BEST_CHECKPOINT step=53000 stage=specialists recall@10=0.198124 path=/workspace/S114065701/mediatek/experiments/pctm-official-four/movielens-20m-pctm/seed_25255/best_validation.pt
2026-09-02 19:36:12,804 | INFO | 
========== PERIODIC VALIDATION ==========
stage=specialists | epoch=1 | step=54000 | users=138459/138459
NDCG  | @5 0.081672 | @10 0.104668
Recall| @5 0.126427 | @10 0.197965
Hit   | @5 0.126427 | @10 0.197965
================================
2026-09-02 19:36:12,804 | INFO | VALID_STEP step=54000 stage=specialists epoch=1 recall@10=0.197965 recall@10=0.197965 improved=False
2026-09-02 19:44:09,228 | INFO | 
========== PERIODIC VALIDATION ==========
stage=specialists | epoch=1 | step=55000 | users=138459/138459
NDCG  | @5 0.081726 | @10 0.104674
Recall| @5 0.126868 | @10 0.198319
Hit   | @5 0.126868 | @10 0.198319
================================
2026-09-02 19:44:09,228 | INFO | VALID_STEP step=55000 stage=specialists epoch=1 recall@10=0.198319 recall@10=0.198319 improved=True
2026-09-02 19:44:09,354 | INFO | BEST_CHECKPOINT step=55000 stage=specialists recall@10=0.198319 path=/workspace/S114065701/mediatek/experiments/pctm-official-four/movielens-20m-pctm/seed_25255/best_validation.pt
2026-09-02 19:51:16,533 | INFO | RUN_CHECKPOINT reason=periodic phase=tuning stage=specialists epoch=1 next_start=7160704 path=/workspace/S114065701/mediatek/experiments/pctm-official-four/movielens-20m-pctm/seed_25255/run_checkpoint.pt
2026-09-02 19:52:05,227 | INFO | 
========== PERIODIC VALIDATION ==========
stage=specialists | epoch=1 | step=56000 | users=138459/138459
NDCG  | @5 0.082148 | @10 0.105068
Recall| @5 0.126911 | @10 0.198203
Hit   | @5 0.126911 | @10 0.198203
================================
2026-09-02 19:52:05,227 | INFO | VALID_STEP step=56000 stage=specialists epoch=1 recall@10=0.198203 recall@10=0.198203 improved=False
2026-09-02 20:00:04,313 | INFO | 
========== PERIODIC VALIDATION ==========
stage=specialists | epoch=1 | step=57000 | users=138459/138459
NDCG  | @5 0.081307 | @10 0.104570
Recall| @5 0.125900 | @10 0.198283
Hit   | @5 0.125900 | @10 0.198283
================================
2026-09-02 20:00:04,314 | INFO | VALID_STEP step=57000 stage=specialists epoch=1 recall@10=0.198283 recall@10=0.198283 improved=False
2026-09-02 20:08:02,091 | INFO | 
========== PERIODIC VALIDATION ==========
stage=specialists | epoch=1 | step=58000 | users=138459/138459
NDCG  | @5 0.082659 | @10 0.106070
Recall| @5 0.127807 | @10 0.200651
Hit   | @5 0.127807 | @10 0.200651
================================
2026-09-02 20:08:02,091 | INFO | VALID_STEP step=58000 stage=specialists epoch=1 recall@10=0.200651 recall@10=0.200651 improved=True
2026-09-02 20:08:02,220 | INFO | BEST_CHECKPOINT step=58000 stage=specialists recall@10=0.200651 path=/workspace/S114065701/mediatek/experiments/pctm-official-four/movielens-20m-pctm/seed_25255/best_validation.pt
2026-09-02 20:15:59,899 | INFO | 
========== PERIODIC VALIDATION ==========
stage=specialists | epoch=1 | step=59000 | users=138459/138459
NDCG  | @5 0.084174 | @10 0.107628
Recall| @5 0.129836 | @10 0.202746
Hit   | @5 0.129836 | @10 0.202746
================================
2026-09-02 20:15:59,899 | INFO | VALID_STEP step=59000 stage=specialists epoch=1 recall@10=0.202746 recall@10=0.202746 improved=True
2026-09-02 20:16:00,027 | INFO | BEST_CHECKPOINT step=59000 stage=specialists recall@10=0.202746 path=/workspace/S114065701/mediatek/experiments/pctm-official-four/movielens-20m-pctm/seed_25255/best_validation.pt
2026-09-02 20:21:16,808 | INFO | RUN_CHECKPOINT reason=periodic phase=tuning stage=specialists epoch=1 next_start=7640576 path=/workspace/S114065701/mediatek/experiments/pctm-official-four/movielens-20m-pctm/seed_25255/run_checkpoint.pt
2026-09-02 20:23:59,289 | INFO | 
========== PERIODIC VALIDATION ==========
stage=specialists | epoch=1 | step=60000 | users=138459/138459
NDCG  | @5 0.083855 | @10 0.107135
Recall| @5 0.129193 | @10 0.201634
Hit   | @5 0.129193 | @10 0.201634
================================
2026-09-02 20:23:59,289 | INFO | VALID_STEP step=60000 stage=specialists epoch=1 recall@10=0.201634 recall@10=0.201634 improved=False
2026-09-02 20:31:57,508 | INFO | 
========== PERIODIC VALIDATION ==========
stage=specialists | epoch=1 | step=61000 | users=138459/138459
NDCG  | @5 0.082268 | @10 0.105812
Recall| @5 0.127778 | @10 0.201020
Hit   | @5 0.127778 | @10 0.201020
================================
2026-09-02 20:31:57,508 | INFO | VALID_STEP step=61000 stage=specialists epoch=1 recall@10=0.201020 recall@10=0.201020 improved=False
2026-09-02 20:39:55,894 | INFO | 
========== PERIODIC VALIDATION ==========
stage=specialists | epoch=1 | step=62000 | users=138459/138459
NDCG  | @5 0.082677 | @10 0.106315
Recall| @5 0.127612 | @10 0.201128
Hit   | @5 0.127612 | @10 0.201128
================================
2026-09-02 20:39:55,895 | INFO | VALID_STEP step=62000 stage=specialists epoch=1 recall@10=0.201128 recall@10=0.201128 improved=False
2026-09-02 20:47:52,988 | INFO | 
========== PERIODIC VALIDATION ==========
stage=specialists | epoch=1 | step=63000 | users=138459/138459
NDCG  | @5 0.084368 | @10 0.107919
Recall| @5 0.129930 | @10 0.203215
Hit   | @5 0.129930 | @10 0.203215
================================
2026-09-02 20:47:52,989 | INFO | VALID_STEP step=63000 stage=specialists epoch=1 recall@10=0.203215 recall@10=0.203215 improved=True
2026-09-02 20:47:53,117 | INFO | BEST_CHECKPOINT step=63000 stage=specialists recall@10=0.203215 path=/workspace/S114065701/mediatek/experiments/pctm-official-four/movielens-20m-pctm/seed_25255/best_validation.pt
2026-09-02 20:51:17,498 | INFO | RUN_CHECKPOINT reason=periodic phase=tuning stage=specialists epoch=1 next_start=8121600 path=/workspace/S114065701/mediatek/experiments/pctm-official-four/movielens-20m-pctm/seed_25255/run_checkpoint.pt
2026-09-02 20:55:49,943 | INFO | 
========== PERIODIC VALIDATION ==========
stage=specialists | epoch=1 | step=64000 | users=138459/138459
NDCG  | @5 0.084671 | @10 0.108077
Recall| @5 0.130782 | @10 0.203605
Hit   | @5 0.130782 | @10 0.203605
================================
2026-09-02 20:55:49,943 | INFO | VALID_STEP step=64000 stage=specialists epoch=1 recall@10=0.203605 recall@10=0.203605 improved=True
2026-09-02 20:55:50,024 | INFO | BEST_CHECKPOINT step=64000 stage=specialists recall@10=0.203605 path=/workspace/S114065701/mediatek/experiments/pctm-official-four/movielens-20m-pctm/seed_25255/best_validation.pt
2026-09-02 21:03:49,599 | INFO | 
========== PERIODIC VALIDATION ==========
stage=specialists | epoch=1 | step=65000 | users=138459/138459
NDCG  | @5 0.082535 | @10 0.106351
Recall| @5 0.127785 | @10 0.201872
Hit   | @5 0.127785 | @10 0.201872
================================
2026-09-02 21:03:49,599 | INFO | VALID_STEP step=65000 stage=specialists epoch=1 recall@10=0.201872 recall@10=0.201872 improved=False
2026-09-02 21:11:46,725 | INFO | 
========== PERIODIC VALIDATION ==========
stage=specialists | epoch=1 | step=66000 | users=138459/138459
NDCG  | @5 0.082927 | @10 0.106773
Recall| @5 0.128854 | @10 0.203085
Hit   | @5 0.128854 | @10 0.203085
================================
2026-09-02 21:11:46,725 | INFO | VALID_STEP step=66000 stage=specialists epoch=1 recall@10=0.203085 recall@10=0.203085 improved=False
2026-09-02 21:19:44,296 | INFO | 
========== PERIODIC VALIDATION ==========
stage=specialists | epoch=1 | step=67000 | users=138459/138459
NDCG  | @5 0.084204 | @10 0.107807
Recall| @5 0.129555 | @10 0.202977
Hit   | @5 0.129555 | @10 0.202977
================================
2026-09-02 21:19:44,296 | INFO | VALID_STEP step=67000 stage=specialists epoch=1 recall@10=0.202977 recall@10=0.202977 improved=False
2026-09-02 21:21:18,069 | INFO | RUN_CHECKPOINT reason=periodic phase=tuning stage=specialists epoch=1 next_start=8602368 path=/workspace/S114065701/mediatek/experiments/pctm-official-four/movielens-20m-pctm/seed_25255/run_checkpoint.pt
2026-09-02 21:27:41,695 | INFO | 
========== PERIODIC VALIDATION ==========
stage=specialists | epoch=1 | step=68000 | users=138459/138459
NDCG  | @5 0.081664 | @10 0.105390
Recall| @5 0.126868 | @10 0.200716
Hit   | @5 0.126868 | @10 0.200716
================================
2026-09-02 21:27:41,695 | INFO | VALID_STEP step=68000 stage=specialists epoch=1 recall@10=0.200716 recall@10=0.200716 improved=False
2026-09-02 21:35:38,395 | INFO | 
========== PERIODIC VALIDATION ==========
stage=specialists | epoch=1 | step=69000 | users=138459/138459
NDCG  | @5 0.082616 | @10 0.106285
Recall| @5 0.128276 | @10 0.201973
Hit   | @5 0.128276 | @10 0.201973
================================
2026-09-02 21:35:38,395 | INFO | VALID_STEP step=69000 stage=specialists epoch=1 recall@10=0.201973 recall@10=0.201973 improved=False
2026-09-02 21:43:34,913 | INFO | 
========== PERIODIC VALIDATION ==========
stage=specialists | epoch=1 | step=70000 | users=138459/138459
NDCG  | @5 0.084352 | @10 0.108228
Recall| @5 0.129908 | @10 0.204169
Hit   | @5 0.129908 | @10 0.204169
================================
2026-09-02 21:43:34,914 | INFO | VALID_STEP step=70000 stage=specialists epoch=1 recall@10=0.204169 recall@10=0.204169 improved=True
2026-09-02 21:43:35,034 | INFO | BEST_CHECKPOINT step=70000 stage=specialists recall@10=0.204169 path=/workspace/S114065701/mediatek/experiments/pctm-official-four/movielens-20m-pctm/seed_25255/best_validation.pt
2026-09-02 21:51:32,651 | INFO | 
========== PERIODIC VALIDATION ==========
stage=specialists | epoch=1 | step=71000 | users=138459/138459
NDCG  | @5 0.083600 | @10 0.107347
Recall| @5 0.129244 | @10 0.203057
Hit   | @5 0.129244 | @10 0.203057
================================
2026-09-02 21:51:32,651 | INFO | VALID_STEP step=71000 stage=specialists epoch=1 recall@10=0.203057 recall@10=0.203057 improved=False
2026-09-02 21:51:32,888 | INFO | RUN_CHECKPOINT reason=periodic phase=tuning stage=specialists epoch=1 next_start=9088000 path=/workspace/S114065701/mediatek/experiments/pctm-official-four/movielens-20m-pctm/seed_25255/run_checkpoint.pt
2026-09-02 21:59:30,371 | INFO | 
========== PERIODIC VALIDATION ==========
stage=specialists | epoch=1 | step=72000 | users=138459/138459
NDCG  | @5 0.084268 | @10 0.108165
Recall| @5 0.130183 | @10 0.204523
Hit   | @5 0.130183 | @10 0.204523
================================
2026-09-02 21:59:30,371 | INFO | VALID_STEP step=72000 stage=specialists epoch=1 recall@10=0.204523 recall@10=0.204523 improved=True
2026-09-02 21:59:30,448 | INFO | BEST_CHECKPOINT step=72000 stage=specialists recall@10=0.204523 path=/workspace/S114065701/mediatek/experiments/pctm-official-four/movielens-20m-pctm/seed_25255/best_validation.pt
2026-09-02 22:07:27,309 | INFO | 
========== PERIODIC VALIDATION ==========
stage=specialists | epoch=1 | step=73000 | users=138459/138459
NDCG  | @5 0.083979 | @10 0.107640
Recall| @5 0.130111 | @10 0.203656
Hit   | @5 0.130111 | @10 0.203656
================================
2026-09-02 22:07:27,309 | INFO | VALID_STEP step=73000 stage=specialists epoch=1 recall@10=0.203656 recall@10=0.203656 improved=False
2026-09-02 22:15:23,508 | INFO | 
========== PERIODIC VALIDATION ==========
stage=specialists | epoch=1 | step=74000 | users=138459/138459
NDCG  | @5 0.083230 | @10 0.107520
Recall| @5 0.128565 | @10 0.204147
Hit   | @5 0.128565 | @10 0.204147
================================
2026-09-02 22:15:23,509 | INFO | VALID_STEP step=74000 stage=specialists epoch=1 recall@10=0.204147 recall@10=0.204147 improved=False
2026-09-02 22:21:33,422 | INFO | RUN_CHECKPOINT reason=periodic phase=tuning stage=specialists epoch=1 next_start=9576192 path=/workspace/S114065701/mediatek/experiments/pctm-official-four/movielens-20m-pctm/seed_25255/run_checkpoint.pt
2026-09-02 22:23:20,547 | INFO | 
========== PERIODIC VALIDATION ==========
stage=specialists | epoch=1 | step=75000 | users=138459/138459
NDCG  | @5 0.085286 | @10 0.108914
Recall| @5 0.131172 | @10 0.204696
Hit   | @5 0.131172 | @10 0.204696
================================
2026-09-02 22:23:20,548 | INFO | VALID_STEP step=75000 stage=specialists epoch=1 recall@10=0.204696 recall@10=0.204696 improved=True
2026-09-02 22:23:20,676 | INFO | BEST_CHECKPOINT step=75000 stage=specialists recall@10=0.204696 path=/workspace/S114065701/mediatek/experiments/pctm-official-four/movielens-20m-pctm/seed_25255/best_validation.pt
2026-09-02 22:31:16,910 | INFO | 
========== PERIODIC VALIDATION ==========
stage=specialists | epoch=1 | step=76000 | users=138459/138459
NDCG  | @5 0.083571 | @10 0.107352
Recall| @5 0.129258 | @10 0.203107
Hit   | @5 0.129258 | @10 0.203107
================================
2026-09-02 22:31:16,910 | INFO | VALID_STEP step=76000 stage=specialists epoch=1 recall@10=0.203107 recall@10=0.203107 improved=False
2026-09-02 22:39:12,591 | INFO | 
========== PERIODIC VALIDATION ==========
stage=specialists | epoch=1 | step=77000 | users=138459/138459
NDCG  | @5 0.084478 | @10 0.108163
Recall| @5 0.130320 | @10 0.204089
Hit   | @5 0.130320 | @10 0.204089
================================
2026-09-02 22:39:12,591 | INFO | VALID_STEP step=77000 stage=specialists epoch=1 recall@10=0.204089 recall@10=0.204089 improved=False
2026-09-02 22:47:10,945 | INFO | 
========== PERIODIC VALIDATION ==========
stage=specialists | epoch=1 | step=78000 | users=138459/138459
NDCG  | @5 0.084868 | @10 0.108738
Recall| @5 0.130891 | @10 0.205144
Hit   | @5 0.130891 | @10 0.205144
================================
2026-09-02 22:47:10,945 | INFO | VALID_STEP step=78000 stage=specialists epoch=1 recall@10=0.205144 recall@10=0.205144 improved=True
2026-09-02 22:47:11,022 | INFO | BEST_CHECKPOINT step=78000 stage=specialists recall@10=0.205144 path=/workspace/S114065701/mediatek/experiments/pctm-official-four/movielens-20m-pctm/seed_25255/best_validation.pt
2026-09-02 22:51:34,102 | INFO | RUN_CHECKPOINT reason=periodic phase=tuning stage=specialists epoch=1 next_start=10057984 path=/workspace/S114065701/mediatek/experiments/pctm-official-four/movielens-20m-pctm/seed_25255/run_checkpoint.pt
2026-09-02 22:55:08,507 | INFO | 
========== PERIODIC VALIDATION ==========
stage=specialists | epoch=1 | step=79000 | users=138459/138459
NDCG  | @5 0.084879 | @10 0.108785
Recall| @5 0.130999 | @10 0.205454
Hit   | @5 0.130999 | @10 0.205454
================================
2026-09-02 22:55:08,507 | INFO | VALID_STEP step=79000 stage=specialists epoch=1 recall@10=0.205454 recall@10=0.205454 improved=True
2026-09-02 22:55:08,582 | INFO | BEST_CHECKPOINT step=79000 stage=specialists recall@10=0.205454 path=/workspace/S114065701/mediatek/experiments/pctm-official-four/movielens-20m-pctm/seed_25255/best_validation.pt
2026-09-02 23:03:05,535 | INFO | 
========== PERIODIC VALIDATION ==========
stage=specialists | epoch=1 | step=80000 | users=138459/138459
NDCG  | @5 0.084429 | @10 0.108400
Recall| @5 0.130053 | @10 0.204580
Hit   | @5 0.130053 | @10 0.204580
================================
2026-09-02 23:03:05,535 | INFO | VALID_STEP step=80000 stage=specialists epoch=1 recall@10=0.204580 recall@10=0.204580 improved=False
2026-09-02 23:11:03,942 | INFO | 
========== PERIODIC VALIDATION ==========
stage=specialists | epoch=1 | step=81000 | users=138459/138459
NDCG  | @5 0.085345 | @10 0.109556
Recall| @5 0.131360 | @10 0.206711
Hit   | @5 0.131360 | @10 0.206711
================================
2026-09-02 23:11:03,942 | INFO | VALID_STEP step=81000 stage=specialists epoch=1 recall@10=0.206711 recall@10=0.206711 improved=True
2026-09-02 23:11:04,022 | INFO | BEST_CHECKPOINT step=81000 stage=specialists recall@10=0.206711 path=/workspace/S114065701/mediatek/experiments/pctm-official-four/movielens-20m-pctm/seed_25255/best_validation.pt
2026-09-02 23:19:01,668 | INFO | 
========== PERIODIC VALIDATION ==========
stage=specialists | epoch=1 | step=82000 | users=138459/138459
NDCG  | @5 0.085685 | @10 0.109425
Recall| @5 0.132819 | @10 0.206675
Hit   | @5 0.132819 | @10 0.206675
================================
2026-09-02 23:19:01,668 | INFO | VALID_STEP step=82000 stage=specialists epoch=1 recall@10=0.206675 recall@10=0.206675 improved=False
2026-09-02 23:21:34,565 | INFO | RUN_CHECKPOINT reason=periodic phase=tuning stage=specialists epoch=1 next_start=10539136 path=/workspace/S114065701/mediatek/experiments/pctm-official-four/movielens-20m-pctm/seed_25255/run_checkpoint.pt
2026-09-02 23:26:57,973 | INFO | 
========== PERIODIC VALIDATION ==========
stage=specialists | epoch=1 | step=83000 | users=138459/138459
NDCG  | @5 0.086582 | @10 0.110914
Recall| @5 0.133520 | @10 0.209080
Hit   | @5 0.133520 | @10 0.209080
================================
2026-09-02 23:26:57,973 | INFO | VALID_STEP step=83000 stage=specialists epoch=1 recall@10=0.209080 recall@10=0.209080 improved=True
2026-09-02 23:26:58,051 | INFO | BEST_CHECKPOINT step=83000 stage=specialists recall@10=0.209080 path=/workspace/S114065701/mediatek/experiments/pctm-official-four/movielens-20m-pctm/seed_25255/best_validation.pt
2026-09-02 23:34:55,814 | INFO | 
========== PERIODIC VALIDATION ==========
stage=specialists | epoch=1 | step=84000 | users=138459/138459
NDCG  | @5 0.085818 | @10 0.109639
Recall| @5 0.132711 | @10 0.206855
Hit   | @5 0.132711 | @10 0.206855
================================
2026-09-02 23:34:55,814 | INFO | VALID_STEP step=84000 stage=specialists epoch=1 recall@10=0.206855 recall@10=0.206855 improved=False
2026-09-02 23:42:53,430 | INFO | 
========== PERIODIC VALIDATION ==========
stage=specialists | epoch=1 | step=85000 | users=138459/138459
NDCG  | @5 0.085656 | @10 0.109724
Recall| @5 0.132212 | @10 0.207123
Hit   | @5 0.132212 | @10 0.207123
================================
2026-09-02 23:42:53,431 | INFO | VALID_STEP step=85000 stage=specialists epoch=1 recall@10=0.207123 recall@10=0.207123 improved=False
2026-09-02 23:50:50,105 | INFO | 
========== PERIODIC VALIDATION ==========
stage=specialists | epoch=1 | step=86000 | users=138459/138459
NDCG  | @5 0.084790 | @10 0.108947
Recall| @5 0.130898 | @10 0.206003
Hit   | @5 0.130898 | @10 0.206003
================================
2026-09-02 23:50:50,105 | INFO | VALID_STEP step=86000 stage=specialists epoch=1 recall@10=0.206003 recall@10=0.206003 improved=False
2026-09-02 23:51:35,306 | INFO | RUN_CHECKPOINT reason=periodic phase=tuning stage=specialists epoch=1 next_start=11020544 path=/workspace/S114065701/mediatek/experiments/pctm-official-four/movielens-20m-pctm/seed_25255/run_checkpoint.pt
2026-09-02 23:58:47,690 | INFO | 
========== PERIODIC VALIDATION ==========
stage=specialists | epoch=1 | step=87000 | users=138459/138459
NDCG  | @5 0.085523 | @10 0.109596
Recall| @5 0.131613 | @10 0.206516
Hit   | @5 0.131613 | @10 0.206516
================================
2026-09-02 23:58:47,690 | INFO | VALID_STEP step=87000 stage=specialists epoch=1 recall@10=0.206516 recall@10=0.206516 improved=False
2026-09-03 00:06:47,110 | INFO | 
========== PERIODIC VALIDATION ==========
stage=specialists | epoch=1 | step=88000 | users=138459/138459
NDCG  | @5 0.085437 | @10 0.109602
Recall| @5 0.132025 | @10 0.207152
Hit   | @5 0.132025 | @10 0.207152
================================
2026-09-03 00:06:47,110 | INFO | VALID_STEP step=88000 stage=specialists epoch=1 recall@10=0.207152 recall@10=0.207152 improved=False
2026-09-03 00:14:44,581 | INFO | 
========== PERIODIC VALIDATION ==========
stage=specialists | epoch=1 | step=89000 | users=138459/138459
NDCG  | @5 0.085661 | @10 0.109894
Recall| @5 0.132249 | @10 0.207635
Hit   | @5 0.132249 | @10 0.207635
================================
2026-09-03 00:14:44,581 | INFO | VALID_STEP step=89000 stage=specialists epoch=1 recall@10=0.207635 recall@10=0.207635 improved=False
2026-09-03 00:21:35,885 | INFO | RUN_CHECKPOINT reason=periodic phase=tuning stage=specialists epoch=1 next_start=11508096 path=/workspace/S114065701/mediatek/experiments/pctm-official-four/movielens-20m-pctm/seed_25255/run_checkpoint.pt
2026-09-03 00:22:40,979 | INFO | 
========== PERIODIC VALIDATION ==========
stage=specialists | epoch=1 | step=90000 | users=138459/138459
NDCG  | @5 0.085313 | @10 0.109619
Recall| @5 0.131945 | @10 0.207505
Hit   | @5 0.131945 | @10 0.207505
================================
2026-09-03 00:22:40,979 | INFO | VALID_STEP step=90000 stage=specialists epoch=1 recall@10=0.207505 recall@10=0.207505 improved=False
2026-09-03 00:30:39,124 | INFO | 
========== PERIODIC VALIDATION ==========
stage=specialists | epoch=1 | step=91000 | users=138459/138459
NDCG  | @5 0.085525 | @10 0.109463
Recall| @5 0.132328 | @10 0.206899
Hit   | @5 0.132328 | @10 0.206899
================================
2026-09-03 00:30:39,124 | INFO | VALID_STEP step=91000 stage=specialists epoch=1 recall@10=0.206899 recall@10=0.206899 improved=False
2026-09-03 00:38:35,748 | INFO | 
========== PERIODIC VALIDATION ==========
stage=specialists | epoch=1 | step=92000 | users=138459/138459
NDCG  | @5 0.086001 | @10 0.110424
Recall| @5 0.132992 | @10 0.208863
Hit   | @5 0.132992 | @10 0.208863
================================
2026-09-03 00:38:35,749 | INFO | VALID_STEP step=92000 stage=specialists epoch=1 recall@10=0.208863 recall@10=0.208863 improved=False
2026-09-03 00:46:32,539 | INFO | 
========== PERIODIC VALIDATION ==========
stage=specialists | epoch=1 | step=93000 | users=138459/138459
NDCG  | @5 0.086284 | @10 0.110509
Recall| @5 0.132992 | @10 0.208343
Hit   | @5 0.132992 | @10 0.208343
================================
2026-09-03 00:46:32,539 | INFO | VALID_STEP step=93000 stage=specialists epoch=1 recall@10=0.208343 recall@10=0.208343 improved=False
2026-09-03 00:51:36,215 | INFO | RUN_CHECKPOINT reason=periodic phase=tuning stage=specialists epoch=1 next_start=11989376 path=/workspace/S114065701/mediatek/experiments/pctm-official-four/movielens-20m-pctm/seed_25255/run_checkpoint.pt
2026-09-03 00:54:30,956 | INFO | 
========== PERIODIC VALIDATION ==========
stage=specialists | epoch=1 | step=94000 | users=138459/138459
NDCG  | @5 0.086259 | @10 0.110583
Recall| @5 0.133296 | @10 0.208885
Hit   | @5 0.133296 | @10 0.208885
================================
2026-09-03 00:54:30,956 | INFO | VALID_STEP step=94000 stage=specialists epoch=1 recall@10=0.208885 recall@10=0.208885 improved=False
2026-09-03 01:02:27,047 | INFO | 
========== PERIODIC VALIDATION ==========
stage=specialists | epoch=1 | step=95000 | users=138459/138459
NDCG  | @5 0.085990 | @10 0.110576
Recall| @5 0.132581 | @10 0.209037
Hit   | @5 0.132581 | @10 0.209037
================================
2026-09-03 01:02:27,047 | INFO | VALID_STEP step=95000 stage=specialists epoch=1 recall@10=0.209037 recall@10=0.209037 improved=False
2026-09-03 01:10:22,636 | INFO | 
========== PERIODIC VALIDATION ==========
stage=specialists | epoch=1 | step=96000 | users=138459/138459
NDCG  | @5 0.086767 | @10 0.111100
Recall| @5 0.133707 | @10 0.209456
Hit   | @5 0.133707 | @10 0.209456
================================
2026-09-03 01:10:22,636 | INFO | VALID_STEP step=96000 stage=specialists epoch=1 recall@10=0.209456 recall@10=0.209456 improved=True
2026-09-03 01:10:22,726 | INFO | BEST_CHECKPOINT step=96000 stage=specialists recall@10=0.209456 path=/workspace/S114065701/mediatek/experiments/pctm-official-four/movielens-20m-pctm/seed_25255/best_validation.pt
2026-09-03 01:18:18,570 | INFO | 
========== PERIODIC VALIDATION ==========
stage=specialists | epoch=1 | step=97000 | users=138459/138459
NDCG  | @5 0.087427 | @10 0.111641
Recall| @5 0.134278 | @10 0.209528
Hit   | @5 0.134278 | @10 0.209528
================================
2026-09-03 01:18:18,570 | INFO | VALID_STEP step=97000 stage=specialists epoch=1 recall@10=0.209528 recall@10=0.209528 improved=True
2026-09-03 01:18:18,649 | INFO | BEST_CHECKPOINT step=97000 stage=specialists recall@10=0.209528 path=/workspace/S114065701/mediatek/experiments/pctm-official-four/movielens-20m-pctm/seed_25255/best_validation.pt
2026-09-03 01:21:36,546 | INFO | RUN_CHECKPOINT reason=periodic phase=tuning stage=specialists epoch=1 next_start=12471552 path=/workspace/S114065701/mediatek/experiments/pctm-official-four/movielens-20m-pctm/seed_25255/run_checkpoint.pt
2026-09-03 01:26:17,520 | INFO | 
========== PERIODIC VALIDATION ==========
stage=specialists | epoch=1 | step=98000 | users=138459/138459
NDCG  | @5 0.088137 | @10 0.112498
Recall| @5 0.135000 | @10 0.210640
Hit   | @5 0.135000 | @10 0.210640
================================
2026-09-03 01:26:17,520 | INFO | VALID_STEP step=98000 stage=specialists epoch=1 recall@10=0.210640 recall@10=0.210640 improved=True
2026-09-03 01:26:17,644 | INFO | BEST_CHECKPOINT step=98000 stage=specialists recall@10=0.210640 path=/workspace/S114065701/mediatek/experiments/pctm-official-four/movielens-20m-pctm/seed_25255/best_validation.pt
2026-09-03 01:34:15,455 | INFO | 
========== PERIODIC VALIDATION ==========
stage=specialists | epoch=1 | step=99000 | users=138459/138459
NDCG  | @5 0.087111 | @10 0.111346
Recall| @5 0.134545 | @10 0.209889
Hit   | @5 0.134545 | @10 0.209889
================================
2026-09-03 01:34:15,455 | INFO | VALID_STEP step=99000 stage=specialists epoch=1 recall@10=0.209889 recall@10=0.209889 improved=False
2026-09-03 01:42:13,814 | INFO | 
========== PERIODIC VALIDATION ==========
stage=specialists | epoch=1 | step=100000 | users=138459/138459
NDCG  | @5 0.086747 | @10 0.111220
Recall| @5 0.133339 | @10 0.209419
Hit   | @5 0.133339 | @10 0.209419
================================
2026-09-03 01:42:13,814 | INFO | VALID_STEP step=100000 stage=specialists epoch=1 recall@10=0.209419 recall@10=0.209419 improved=False
2026-09-03 01:50:11,570 | INFO | 
========== PERIODIC VALIDATION ==========
stage=specialists | epoch=1 | step=101000 | users=138459/138459
NDCG  | @5 0.086232 | @10 0.110408
Recall| @5 0.133202 | @10 0.208423
Hit   | @5 0.133202 | @10 0.208423
================================
2026-09-03 01:50:11,570 | INFO | VALID_STEP step=101000 stage=specialists epoch=1 recall@10=0.208423 recall@10=0.208423 improved=False
2026-09-03 01:51:37,062 | INFO | RUN_CHECKPOINT reason=periodic phase=tuning stage=specialists epoch=1 next_start=12951936 path=/workspace/S114065701/mediatek/experiments/pctm-official-four/movielens-20m-pctm/seed_25255/run_checkpoint.pt
2026-09-03 01:58:09,172 | INFO | 
========== PERIODIC VALIDATION ==========
stage=specialists | epoch=1 | step=102000 | users=138459/138459
NDCG  | @5 0.087315 | @10 0.111381
Recall| @5 0.134206 | @10 0.209080
Hit   | @5 0.134206 | @10 0.209080
================================
2026-09-03 01:58:09,172 | INFO | VALID_STEP step=102000 stage=specialists epoch=1 recall@10=0.209080 recall@10=0.209080 improved=False
2026-09-03 02:06:05,883 | INFO | 
========== PERIODIC VALIDATION ==========
stage=specialists | epoch=1 | step=103000 | users=138459/138459
NDCG  | @5 0.086085 | @10 0.110216
Recall| @5 0.133115 | @10 0.208112
Hit   | @5 0.133115 | @10 0.208112
================================
2026-09-03 02:06:05,883 | INFO | VALID_STEP step=103000 stage=specialists epoch=1 recall@10=0.208112 recall@10=0.208112 improved=False
2026-09-03 02:44:18,561 | INFO | RUN_CHECKPOINT reason=periodic phase=tuning stage=specialists epoch=1 next_start=13240576 path=/workspace/S114065701/mediatek/experiments/pctm-official-four/movielens-20m-pctm/seed_25255/run_checkpoint.pt
2026-09-03 02:48:56,713 | INFO | 
========== PERIODIC VALIDATION ==========
stage=specialists | epoch=1 | step=104000 | users=138459/138459
NDCG  | @5 0.086578 | @10 0.111107
Recall| @5 0.133397 | @10 0.209651
Hit   | @5 0.133397 | @10 0.209651
================================
2026-09-03 02:48:56,713 | INFO | VALID_STEP step=104000 stage=specialists epoch=1 recall@10=0.209651 recall@10=0.209651 improved=False
2026-09-03 04:09:13,285 | INFO | RUN_CHECKPOINT reason=periodic phase=tuning stage=specialists epoch=1 next_start=13347584 path=/workspace/S114065701/mediatek/experiments/pctm-official-four/movielens-20m-pctm/seed_25255/run_checkpoint.pt
2026-09-03 04:15:04,590 | INFO | 
========== PERIODIC VALIDATION ==========
stage=specialists | epoch=1 | step=105000 | users=138459/138459
NDCG  | @5 0.086775 | @10 0.111112
Recall| @5 0.133837 | @10 0.209528
Hit   | @5 0.133837 | @10 0.209528
================================
2026-09-03 04:15:04,590 | INFO | VALID_STEP step=105000 stage=specialists epoch=1 recall@10=0.209528 recall@10=0.209528 improved=False
2026-09-03 04:23:03,571 | INFO | 
========== PERIODIC VALIDATION ==========
stage=specialists | epoch=1 | step=106000 | users=138459/138459
NDCG  | @5 0.088093 | @10 0.112069
Recall| @5 0.135954 | @10 0.210517
Hit   | @5 0.135954 | @10 0.210517
================================
2026-09-03 04:23:03,571 | INFO | VALID_STEP step=106000 stage=specialists epoch=1 recall@10=0.210517 recall@10=0.210517 improved=False
2026-09-03 04:31:01,696 | INFO | 
========== PERIODIC VALIDATION ==========
stage=specialists | epoch=1 | step=107000 | users=138459/138459
NDCG  | @5 0.087350 | @10 0.111708
Recall| @5 0.134870 | @10 0.210640
Hit   | @5 0.134870 | @10 0.210640
================================
2026-09-03 04:31:01,697 | INFO | VALID_STEP step=107000 stage=specialists epoch=1 recall@10=0.210640 recall@10=0.210640 improved=False
2026-09-03 04:38:59,437 | INFO | 
========== PERIODIC VALIDATION ==========
stage=specialists | epoch=1 | step=108000 | users=138459/138459
NDCG  | @5 0.087774 | @10 0.112113
Recall| @5 0.135022 | @10 0.210691
Hit   | @5 0.135022 | @10 0.210691
================================
2026-09-03 04:38:59,437 | INFO | VALID_STEP step=108000 stage=specialists epoch=1 recall@10=0.210691 recall@10=0.210691 improved=True
2026-09-03 04:38:59,508 | INFO | BEST_CHECKPOINT step=108000 stage=specialists recall@10=0.210691 path=/workspace/S114065701/mediatek/experiments/pctm-official-four/movielens-20m-pctm/seed_25255/best_validation.pt
2026-09-03 04:39:13,852 | INFO | RUN_CHECKPOINT reason=periodic phase=tuning stage=specialists epoch=1 next_start=13827968 path=/workspace/S114065701/mediatek/experiments/pctm-official-four/movielens-20m-pctm/seed_25255/run_checkpoint.pt
2026-09-03 04:46:59,335 | INFO | 
========== PERIODIC VALIDATION ==========
stage=specialists | epoch=1 | step=109000 | users=138459/138459
NDCG  | @5 0.086999 | @10 0.111346
Recall| @5 0.133852 | @10 0.209629
Hit   | @5 0.133852 | @10 0.209629
================================
2026-09-03 04:46:59,335 | INFO | VALID_STEP step=109000 stage=specialists epoch=1 recall@10=0.209629 recall@10=0.209629 improved=False
2026-09-03 04:54:59,392 | INFO | 
========== PERIODIC VALIDATION ==========
stage=specialists | epoch=1 | step=110000 | users=138459/138459
NDCG  | @5 0.086240 | @10 0.110721
Recall| @5 0.132682 | @10 0.208769
Hit   | @5 0.132682 | @10 0.208769
================================
2026-09-03 04:54:59,392 | INFO | VALID_STEP step=110000 stage=specialists epoch=1 recall@10=0.208769 recall@10=0.208769 improved=False
2026-09-03 05:02:58,842 | INFO | 
========== PERIODIC VALIDATION ==========
stage=specialists | epoch=1 | step=111000 | users=138459/138459
NDCG  | @5 0.086821 | @10 0.111137
Recall| @5 0.133801 | @10 0.209347
Hit   | @5 0.133801 | @10 0.209347
================================
2026-09-03 05:02:58,842 | INFO | VALID_STEP step=111000 stage=specialists epoch=1 recall@10=0.209347 recall@10=0.209347 improved=False
2026-09-03 05:09:14,431 | INFO | RUN_CHECKPOINT reason=periodic phase=tuning stage=specialists epoch=1 next_start=14313344 path=/workspace/S114065701/mediatek/experiments/pctm-official-four/movielens-20m-pctm/seed_25255/run_checkpoint.pt
2026-09-03 05:10:57,988 | INFO | 
========== PERIODIC VALIDATION ==========
stage=specialists | epoch=1 | step=112000 | users=138459/138459
NDCG  | @5 0.087856 | @10 0.112616
Recall| @5 0.135549 | @10 0.212604
Hit   | @5 0.135549 | @10 0.212604
================================
2026-09-03 05:10:57,988 | INFO | VALID_STEP step=112000 stage=specialists epoch=1 recall@10=0.212604 recall@10=0.212604 improved=True
2026-09-03 05:10:58,063 | INFO | BEST_CHECKPOINT step=112000 stage=specialists recall@10=0.212604 path=/workspace/S114065701/mediatek/experiments/pctm-official-four/movielens-20m-pctm/seed_25255/best_validation.pt
